The request analysis.setContextRoots failed with the following error:
RequestErrorCode.PLUGIN_ERROR
The package "knex_dart_lint" has incompatible version constraints in the project:
- "../../packages/knex_dart_lint"
  from "lint_demo" at "./example/lint_demo/pubspec.yaml".
- "^0.1.0"
  from "knex_dart" at "././pubspec.yaml".

at:
#0      _buildDependencyConstraint.throws (package:custom_lint/src/workspace.dart:40)
#1      _buildDependencyConstraint (package:custom_lint/src/workspace.dart:107)
#2      CustomLintWorkspace._writePubspecDependencies (package:custom_lint/src/workspace.dart:658)
#3      CustomLintWorkspace.computePubspec (package:custom_lint/src/workspace.dart:564)
#4      CustomLintWorkspace.resolvePluginHost (package:custom_lint/src/workspace.dart:749)
#5      SocketCustomLintServerToClientChannel._startProcess (package:custom_lint/src/v2/server_to_client_channel.dart:151)
#6      SocketCustomLintServerToClientChannel.init (package:custom_lint/src/v2/server_to_client_channel.dart:110)
#7      CustomLintServer._maybeSpawnCustomLintPlugin (package:custom_lint/src/v2/custom_lint_analyzer_plugin.dart:396)
<asynchronous suspension>
#8      CustomLintServer._handleAnalysisSetContextRoots.<anonymous closure> (package:custom_lint/src/v2/custom_lint_analyzer_plugin.dart:343)
<asynchronous suspension>
#9      PendingOperation.run (package:custom_lint/src/async_operation.dart:22)
<asynchronous suspension>
#10     CustomLintServer._handleRequest (package:custom_lint/src/v2/custom_lint_analyzer_plugin.dart:175)
<asynchronous suspension>

The request analysis.setContextRoots failed with the following error:
RequestErrorCode.PLUGIN_ERROR
The package "knex_dart_lint" has incompatible version constraints in the project:
- "../../packages/knex_dart_lint"
  from "lint_demo" at "./StudioProjects/knex/knex-dart/example/lint_demo/pubspec.yaml".
- "^0.1.0"
  from "knex_dart" at "./StudioProjects/knex/knex-dart/pubspec.yaml".

at:
#0      _buildDependencyConstraint.throws (package:custom_lint/src/workspace.dart:40)
#1      _buildDependencyConstraint (package:custom_lint/src/workspace.dart:107)
#2      CustomLintWorkspace._writePubspecDependencies (package:custom_lint/src/workspace.dart:658)
#3      CustomLintWorkspace.computePubspec (package:custom_lint/src/workspace.dart:564)
#4      CustomLintWorkspace.resolvePluginHost (package:custom_lint/src/workspace.dart:749)
#5      SocketCustomLintServerToClientChannel._startProcess (package:custom_lint/src/v2/server_to_client_channel.dart:151)
#6      SocketCustomLintServerToClientChannel.init (package:custom_lint/src/v2/server_to_client_channel.dart:110)
#7      CustomLintServer._maybeSpawnCustomLintPlugin (package:custom_lint/src/v2/custom_lint_analyzer_plugin.dart:396)
<asynchronous suspension>
#8      CustomLintServer._handleAnalysisSetContextRoots.<anonymous closure> (package:custom_lint/src/v2/custom_lint_analyzer_plugin.dart:343)
<asynchronous suspension>
#9      PendingOperation.run (package:custom_lint/src/async_operation.dart:22)
<asynchronous suspension>
#10     CustomLintServer._handleRequest (package:custom_lint/src/v2/custom_lint_analyzer_plugin.dart:175)
<asynchronous suspension>

The request analysis.setContextRoots failed with the following error:
RequestErrorCode.PLUGIN_ERROR
The package "knex_dart_lint" has incompatible version constraints in the project:
- "../../packages/knex_dart_lint"
  from "lint_demo" at "./Users/kartik/StudioProjects/knex/knex-dart/example/lint_demo/pubspec.yaml".
- "^0.1.0"
  from "knex_dart" at "./Users/kartik/StudioProjects/knex/knex-dart/pubspec.yaml".

at:
#0      _buildDependencyConstraint.throws (package:custom_lint/src/workspace.dart:40)
#1      _buildDependencyConstraint (package:custom_lint/src/workspace.dart:107)
#2      CustomLintWorkspace._writePubspecDependencies (package:custom_lint/src/workspace.dart:658)
#3      CustomLintWorkspace.computePubspec (package:custom_lint/src/workspace.dart:564)
#4      CustomLintWorkspace.resolvePluginHost (package:custom_lint/src/workspace.dart:749)
#5      SocketCustomLintServerToClientChannel._startProcess (package:custom_lint/src/v2/server_to_client_channel.dart:151)
#6      SocketCustomLintServerToClientChannel.init (package:custom_lint/src/v2/server_to_client_channel.dart:110)
#7      CustomLintServer._maybeSpawnCustomLintPlugin (package:custom_lint/src/v2/custom_lint_analyzer_plugin.dart:396)
<asynchronous suspension>
#8      CustomLintServer._handleAnalysisSetContextRoots.<anonymous closure> (package:custom_lint/src/v2/custom_lint_analyzer_plugin.dart:343)
<asynchronous suspension>
#9      PendingOperation.run (package:custom_lint/src/async_operation.dart:22)
<asynchronous suspension>
#10     CustomLintServer._handleRequest (package:custom_lint/src/v2/custom_lint_analyzer_plugin.dart:175)
<asynchronous suspension>

The request analysis.setContextRoots failed with the following error:
RequestErrorCode.PLUGIN_ERROR
The package "knex_dart_lint" has incompatible version constraints in the project:
- "../../packages/knex_dart_lint"
  from "lint_demo" at "./example/lint_demo/pubspec.yaml".
- "^0.1.0"
  from "knex_dart" at "././pubspec.yaml".

at:
#0      _buildDependencyConstraint.throws (package:custom_lint/src/workspace.dart:40)
#1      _buildDependencyConstraint (package:custom_lint/src/workspace.dart:107)
#2      CustomLintWorkspace._writePubspecDependencies (package:custom_lint/src/workspace.dart:658)
#3      CustomLintWorkspace.computePubspec (package:custom_lint/src/workspace.dart:564)
#4      CustomLintWorkspace.resolvePluginHost (package:custom_lint/src/workspace.dart:749)
#5      SocketCustomLintServerToClientChannel._startProcess (package:custom_lint/src/v2/server_to_client_channel.dart:151)
#6      SocketCustomLintServerToClientChannel.init (package:custom_lint/src/v2/server_to_client_channel.dart:110)
#7      CustomLintServer._maybeSpawnCustomLintPlugin (package:custom_lint/src/v2/custom_lint_analyzer_plugin.dart:396)
<asynchronous suspension>
#8      CustomLintServer._handleAnalysisSetContextRoots.<anonymous closure> (package:custom_lint/src/v2/custom_lint_analyzer_plugin.dart:343)
<asynchronous suspension>
#9      PendingOperation.run (package:custom_lint/src/async_operation.dart:22)
<asynchronous suspension>
#10     CustomLintServer._handleRequest (package:custom_lint/src/v2/custom_lint_analyzer_plugin.dart:175)
<asynchronous suspension>

The request analysis.setContextRoots failed with the following error:
RequestErrorCode.PLUGIN_ERROR
The package "knex_dart_lint" has incompatible version constraints in the project:
- "../../packages/knex_dart_lint"
  from "lint_demo" at "./StudioProjects/knex/knex-dart/example/lint_demo/pubspec.yaml".
- "^0.1.0"
  from "knex_dart" at "./StudioProjects/knex/knex-dart/pubspec.yaml".

at:
#0      _buildDependencyConstraint.throws (package:custom_lint/src/workspace.dart:40)
#1      _buildDependencyConstraint (package:custom_lint/src/workspace.dart:107)
#2      CustomLintWorkspace._writePubspecDependencies (package:custom_lint/src/workspace.dart:658)
#3      CustomLintWorkspace.computePubspec (package:custom_lint/src/workspace.dart:564)
#4      CustomLintWorkspace.resolvePluginHost (package:custom_lint/src/workspace.dart:749)
#5      SocketCustomLintServerToClientChannel._startProcess (package:custom_lint/src/v2/server_to_client_channel.dart:151)
#6      SocketCustomLintServerToClientChannel.init (package:custom_lint/src/v2/server_to_client_channel.dart:110)
#7      CustomLintServer._maybeSpawnCustomLintPlugin (package:custom_lint/src/v2/custom_lint_analyzer_plugin.dart:396)
<asynchronous suspension>
#8      CustomLintServer._handleAnalysisSetContextRoots.<anonymous closure> (package:custom_lint/src/v2/custom_lint_analyzer_plugin.dart:343)
<asynchronous suspension>
#9      PendingOperation.run (package:custom_lint/src/async_operation.dart:22)
<asynchronous suspension>
#10     CustomLintServer._handleRequest (package:custom_lint/src/v2/custom_lint_analyzer_plugin.dart:175)
<asynchronous suspension>

The request analysis.setContextRoots failed with the following error:
RequestErrorCode.PLUGIN_ERROR
The package "knex_dart_lint" has incompatible version constraints in the project:
- "../../packages/knex_dart_lint"
  from "lint_demo" at "./Users/kartik/StudioProjects/knex/knex-dart/example/lint_demo/pubspec.yaml".
- "^0.1.0"
  from "knex_dart" at "./Users/kartik/StudioProjects/knex/knex-dart/pubspec.yaml".

at:
#0      _buildDependencyConstraint.throws (package:custom_lint/src/workspace.dart:40)
#1      _buildDependencyConstraint (package:custom_lint/src/workspace.dart:107)
#2      CustomLintWorkspace._writePubspecDependencies (package:custom_lint/src/workspace.dart:658)
#3      CustomLintWorkspace.computePubspec (package:custom_lint/src/workspace.dart:564)
#4      CustomLintWorkspace.resolvePluginHost (package:custom_lint/src/workspace.dart:749)
#5      SocketCustomLintServerToClientChannel._startProcess (package:custom_lint/src/v2/server_to_client_channel.dart:151)
#6      SocketCustomLintServerToClientChannel.init (package:custom_lint/src/v2/server_to_client_channel.dart:110)
#7      CustomLintServer._maybeSpawnCustomLintPlugin (package:custom_lint/src/v2/custom_lint_analyzer_plugin.dart:396)
<asynchronous suspension>
#8      CustomLintServer._handleAnalysisSetContextRoots.<anonymous closure> (package:custom_lint/src/v2/custom_lint_analyzer_plugin.dart:343)
<asynchronous suspension>
#9      PendingOperation.run (package:custom_lint/src/async_operation.dart:22)
<asynchronous suspension>
#10     CustomLintServer._handleRequest (package:custom_lint/src/v2/custom_lint_analyzer_plugin.dart:175)
<asynchronous suspension>

The request analysis.setContextRoots failed with the following error:
RequestErrorCode.PLUGIN_ERROR
The package "knex_dart_lint" has incompatible version constraints in the project:
- "../../packages/knex_dart_lint"
  from "lint_demo" at "./example/lint_demo/pubspec.yaml".
- "^0.1.0"
  from "knex_dart" at "././pubspec.yaml".

at:
#0      _buildDependencyConstraint.throws (package:custom_lint/src/workspace.dart:40)
#1      _buildDependencyConstraint (package:custom_lint/src/workspace.dart:107)
#2      CustomLintWorkspace._writePubspecDependencies (package:custom_lint/src/workspace.dart:658)
#3      CustomLintWorkspace.computePubspec (package:custom_lint/src/workspace.dart:564)
#4      CustomLintWorkspace.resolvePluginHost (package:custom_lint/src/workspace.dart:749)
#5      SocketCustomLintServerToClientChannel._startProcess (package:custom_lint/src/v2/server_to_client_channel.dart:151)
#6      SocketCustomLintServerToClientChannel.init (package:custom_lint/src/v2/server_to_client_channel.dart:110)
#7      CustomLintServer._maybeSpawnCustomLintPlugin (package:custom_lint/src/v2/custom_lint_analyzer_plugin.dart:396)
<asynchronous suspension>
#8      CustomLintServer._handleAnalysisSetContextRoots.<anonymous closure> (package:custom_lint/src/v2/custom_lint_analyzer_plugin.dart:343)
<asynchronous suspension>
#9      PendingOperation.run (package:custom_lint/src/async_operation.dart:22)
<asynchronous suspension>
#10     CustomLintServer._handleRequest (package:custom_lint/src/v2/custom_lint_analyzer_plugin.dart:175)
<asynchronous suspension>

The request analysis.setContextRoots failed with the following error:
RequestErrorCode.PLUGIN_ERROR
The package "knex_dart_lint" has incompatible version constraints in the project:
- "../../packages/knex_dart_lint"
  from "lint_demo" at "./StudioProjects/knex/knex-dart/example/lint_demo/pubspec.yaml".
- "^0.1.0"
  from "knex_dart" at "./StudioProjects/knex/knex-dart/pubspec.yaml".

at:
#0      _buildDependencyConstraint.throws (package:custom_lint/src/workspace.dart:40)
#1      _buildDependencyConstraint (package:custom_lint/src/workspace.dart:107)
#2      CustomLintWorkspace._writePubspecDependencies (package:custom_lint/src/workspace.dart:658)
#3      CustomLintWorkspace.computePubspec (package:custom_lint/src/workspace.dart:564)
#4      CustomLintWorkspace.resolvePluginHost (package:custom_lint/src/workspace.dart:749)
#5      SocketCustomLintServerToClientChannel._startProcess (package:custom_lint/src/v2/server_to_client_channel.dart:151)
#6      SocketCustomLintServerToClientChannel.init (package:custom_lint/src/v2/server_to_client_channel.dart:110)
#7      CustomLintServer._maybeSpawnCustomLintPlugin (package:custom_lint/src/v2/custom_lint_analyzer_plugin.dart:396)
<asynchronous suspension>
#8      CustomLintServer._handleAnalysisSetContextRoots.<anonymous closure> (package:custom_lint/src/v2/custom_lint_analyzer_plugin.dart:343)
<asynchronous suspension>
#9      PendingOperation.run (package:custom_lint/src/async_operation.dart:22)
<asynchronous suspension>
#10     CustomLintServer._handleRequest (package:custom_lint/src/v2/custom_lint_analyzer_plugin.dart:175)
<asynchronous suspension>

The request analysis.setContextRoots failed with the following error:
RequestErrorCode.PLUGIN_ERROR
The package "knex_dart_lint" has incompatible version constraints in the project:
- "../../packages/knex_dart_lint"
  from "lint_demo" at "./Users/kartik/StudioProjects/knex/knex-dart/example/lint_demo/pubspec.yaml".
- "^0.1.0"
  from "knex_dart" at "./Users/kartik/StudioProjects/knex/knex-dart/pubspec.yaml".

at:
#0      _buildDependencyConstraint.throws (package:custom_lint/src/workspace.dart:40)
#1      _buildDependencyConstraint (package:custom_lint/src/workspace.dart:107)
#2      CustomLintWorkspace._writePubspecDependencies (package:custom_lint/src/workspace.dart:658)
#3      CustomLintWorkspace.computePubspec (package:custom_lint/src/workspace.dart:564)
#4      CustomLintWorkspace.resolvePluginHost (package:custom_lint/src/workspace.dart:749)
#5      SocketCustomLintServerToClientChannel._startProcess (package:custom_lint/src/v2/server_to_client_channel.dart:151)
#6      SocketCustomLintServerToClientChannel.init (package:custom_lint/src/v2/server_to_client_channel.dart:110)
#7      CustomLintServer._maybeSpawnCustomLintPlugin (package:custom_lint/src/v2/custom_lint_analyzer_plugin.dart:396)
<asynchronous suspension>
#8      CustomLintServer._handleAnalysisSetContextRoots.<anonymous closure> (package:custom_lint/src/v2/custom_lint_analyzer_plugin.dart:343)
<asynchronous suspension>
#9      PendingOperation.run (package:custom_lint/src/async_operation.dart:22)
<asynchronous suspension>
#10     CustomLintServer._handleRequest (package:custom_lint/src/v2/custom_lint_analyzer_plugin.dart:175)
<asynchronous suspension>

The request analysis.setContextRoots failed with the following error:
RequestErrorCode.PLUGIN_ERROR
The package "knex_dart_lint" has incompatible version constraints in the project:
- "../../packages/knex_dart_lint"
  from "lint_demo" at "./example/lint_demo/pubspec.yaml".
- "^0.1.0"
  from "knex_dart" at "././pubspec.yaml".

at:
#0      _buildDependencyConstraint.throws (package:custom_lint/src/workspace.dart:40)
#1      _buildDependencyConstraint (package:custom_lint/src/workspace.dart:107)
#2      CustomLintWorkspace._writePubspecDependencies (package:custom_lint/src/workspace.dart:658)
#3      CustomLintWorkspace.computePubspec (package:custom_lint/src/workspace.dart:564)
#4      CustomLintWorkspace.resolvePluginHost (package:custom_lint/src/workspace.dart:749)
#5      SocketCustomLintServerToClientChannel._startProcess (package:custom_lint/src/v2/server_to_client_channel.dart:151)
#6      SocketCustomLintServerToClientChannel.init (package:custom_lint/src/v2/server_to_client_channel.dart:110)
#7      CustomLintServer._maybeSpawnCustomLintPlugin (package:custom_lint/src/v2/custom_lint_analyzer_plugin.dart:396)
<asynchronous suspension>
#8      CustomLintServer._handleAnalysisSetContextRoots.<anonymous closure> (package:custom_lint/src/v2/custom_lint_analyzer_plugin.dart:343)
<asynchronous suspension>
#9      PendingOperation.run (package:custom_lint/src/async_operation.dart:22)
<asynchronous suspension>
#10     CustomLintServer._handleRequest (package:custom_lint/src/v2/custom_lint_analyzer_plugin.dart:175)
<asynchronous suspension>

The request analysis.setContextRoots failed with the following error:
RequestErrorCode.PLUGIN_ERROR
The package "knex_dart_lint" has incompatible version constraints in the project:
- "../../packages/knex_dart_lint"
  from "lint_demo" at "./StudioProjects/knex/knex-dart/example/lint_demo/pubspec.yaml".
- "^0.1.0"
  from "knex_dart" at "./StudioProjects/knex/knex-dart/pubspec.yaml".

at:
#0      _buildDependencyConstraint.throws (package:custom_lint/src/workspace.dart:40)
#1      _buildDependencyConstraint (package:custom_lint/src/workspace.dart:107)
#2      CustomLintWorkspace._writePubspecDependencies (package:custom_lint/src/workspace.dart:658)
#3      CustomLintWorkspace.computePubspec (package:custom_lint/src/workspace.dart:564)
#4      CustomLintWorkspace.resolvePluginHost (package:custom_lint/src/workspace.dart:749)
#5      SocketCustomLintServerToClientChannel._startProcess (package:custom_lint/src/v2/server_to_client_channel.dart:151)
#6      SocketCustomLintServerToClientChannel.init (package:custom_lint/src/v2/server_to_client_channel.dart:110)
#7      CustomLintServer._maybeSpawnCustomLintPlugin (package:custom_lint/src/v2/custom_lint_analyzer_plugin.dart:396)
<asynchronous suspension>
#8      CustomLintServer._handleAnalysisSetContextRoots.<anonymous closure> (package:custom_lint/src/v2/custom_lint_analyzer_plugin.dart:343)
<asynchronous suspension>
#9      PendingOperation.run (package:custom_lint/src/async_operation.dart:22)
<asynchronous suspension>
#10     CustomLintServer._handleRequest (package:custom_lint/src/v2/custom_lint_analyzer_plugin.dart:175)
<asynchronous suspension>

The request analysis.setContextRoots failed with the following error:
RequestErrorCode.PLUGIN_ERROR
The package "knex_dart_lint" has incompatible version constraints in the project:
- "../../packages/knex_dart_lint"
  from "lint_demo" at "./Users/kartik/StudioProjects/knex/knex-dart/example/lint_demo/pubspec.yaml".
- "^0.1.0"
  from "knex_dart" at "./Users/kartik/StudioProjects/knex/knex-dart/pubspec.yaml".

at:
#0      _buildDependencyConstraint.throws (package:custom_lint/src/workspace.dart:40)
#1      _buildDependencyConstraint (package:custom_lint/src/workspace.dart:107)
#2      CustomLintWorkspace._writePubspecDependencies (package:custom_lint/src/workspace.dart:658)
#3      CustomLintWorkspace.computePubspec (package:custom_lint/src/workspace.dart:564)
#4      CustomLintWorkspace.resolvePluginHost (package:custom_lint/src/workspace.dart:749)
#5      SocketCustomLintServerToClientChannel._startProcess (package:custom_lint/src/v2/server_to_client_channel.dart:151)
#6      SocketCustomLintServerToClientChannel.init (package:custom_lint/src/v2/server_to_client_channel.dart:110)
#7      CustomLintServer._maybeSpawnCustomLintPlugin (package:custom_lint/src/v2/custom_lint_analyzer_plugin.dart:396)
<asynchronous suspension>
#8      CustomLintServer._handleAnalysisSetContextRoots.<anonymous closure> (package:custom_lint/src/v2/custom_lint_analyzer_plugin.dart:343)
<asynchronous suspension>
#9      PendingOperation.run (package:custom_lint/src/async_operation.dart:22)
<asynchronous suspension>
#10     CustomLintServer._handleRequest (package:custom_lint/src/v2/custom_lint_analyzer_plugin.dart:175)
<asynchronous suspension>

The request analysis.setContextRoots failed with the following error:
RequestErrorCode.PLUGIN_ERROR
The package "knex_dart_lint" has incompatible version constraints in the project:
- "../../packages/knex_dart_lint"
  from "lint_demo" at "./Users/kartik/StudioProjects/knex/knex-dart/example/lint_demo/pubspec.yaml".
- "^0.1.0"
  from "knex_dart" at "./Users/kartik/StudioProjects/knex/knex-dart/pubspec.yaml".

at:
#0      _buildDependencyConstraint.throws (package:custom_lint/src/workspace.dart:40)
#1      _buildDependencyConstraint (package:custom_lint/src/workspace.dart:107)
#2      CustomLintWorkspace._writePubspecDependencies (package:custom_lint/src/workspace.dart:658)
#3      CustomLintWorkspace.computePubspec (package:custom_lint/src/workspace.dart:564)
#4      CustomLintWorkspace.resolvePluginHost (package:custom_lint/src/workspace.dart:749)
#5      SocketCustomLintServerToClientChannel._startProcess (package:custom_lint/src/v2/server_to_client_channel.dart:151)
#6      SocketCustomLintServerToClientChannel.init (package:custom_lint/src/v2/server_to_client_channel.dart:110)
#7      CustomLintServer._maybeSpawnCustomLintPlugin (package:custom_lint/src/v2/custom_lint_analyzer_plugin.dart:396)
<asynchronous suspension>
#8      CustomLintServer._handleAnalysisSetContextRoots.<anonymous closure> (package:custom_lint/src/v2/custom_lint_analyzer_plugin.dart:343)
<asynchronous suspension>
#9      PendingOperation.run (package:custom_lint/src/async_operation.dart:22)
<asynchronous suspension>
#10     CustomLintServer._handleRequest (package:custom_lint/src/v2/custom_lint_analyzer_plugin.dart:175)
<asynchronous suspension>

The request analysis.setContextRoots failed with the following error:
RequestErrorCode.PLUGIN_ERROR
The package "knex_dart_lint" has incompatible version constraints in the project:
- "../../packages/knex_dart_lint"
  from "lint_demo" at "./Users/kartik/StudioProjects/knex/knex-dart/example/lint_demo/pubspec.yaml".
- "^0.1.0"
  from "knex_dart" at "./Users/kartik/StudioProjects/knex/knex-dart/pubspec.yaml".

at:
#0      _buildDependencyConstraint.throws (package:custom_lint/src/workspace.dart:40)
#1      _buildDependencyConstraint (package:custom_lint/src/workspace.dart:107)
#2      CustomLintWorkspace._writePubspecDependencies (package:custom_lint/src/workspace.dart:658)
#3      CustomLintWorkspace.computePubspec (package:custom_lint/src/workspace.dart:564)
#4      CustomLintWorkspace.resolvePluginHost (package:custom_lint/src/workspace.dart:749)
#5      SocketCustomLintServerToClientChannel._startProcess (package:custom_lint/src/v2/server_to_client_channel.dart:151)
#6      SocketCustomLintServerToClientChannel.init (package:custom_lint/src/v2/server_to_client_channel.dart:110)
#7      CustomLintServer._maybeSpawnCustomLintPlugin (package:custom_lint/src/v2/custom_lint_analyzer_plugin.dart:396)
<asynchronous suspension>
#8      CustomLintServer._handleAnalysisSetContextRoots.<anonymous closure> (package:custom_lint/src/v2/custom_lint_analyzer_plugin.dart:343)
<asynchronous suspension>
#9      PendingOperation.run (package:custom_lint/src/async_operation.dart:22)
<asynchronous suspension>
#10     CustomLintServer._handleRequest (package:custom_lint/src/v2/custom_lint_analyzer_plugin.dart:175)
<asynchronous suspension>

The request analysis.setContextRoots failed with the following error:
RequestErrorCode.PLUGIN_ERROR
The package "knex_dart_lint" has incompatible version constraints in the project:
- "../../packages/knex_dart_lint"
  from "lint_demo" at "./Users/kartik/StudioProjects/knex/knex-dart/example/lint_demo/pubspec.yaml".
- "^0.1.0"
  from "knex_dart" at "./Users/kartik/StudioProjects/knex/knex-dart/pubspec.yaml".

at:
#0      _buildDependencyConstraint.throws (package:custom_lint/src/workspace.dart:40)
#1      _buildDependencyConstraint (package:custom_lint/src/workspace.dart:107)
#2      CustomLintWorkspace._writePubspecDependencies (package:custom_lint/src/workspace.dart:658)
#3      CustomLintWorkspace.computePubspec (package:custom_lint/src/workspace.dart:564)
#4      CustomLintWorkspace.resolvePluginHost (package:custom_lint/src/workspace.dart:749)
#5      SocketCustomLintServerToClientChannel._startProcess (package:custom_lint/src/v2/server_to_client_channel.dart:151)
#6      SocketCustomLintServerToClientChannel.init (package:custom_lint/src/v2/server_to_client_channel.dart:110)
#7      CustomLintServer._maybeSpawnCustomLintPlugin (package:custom_lint/src/v2/custom_lint_analyzer_plugin.dart:396)
<asynchronous suspension>
#8      CustomLintServer._handleAnalysisSetContextRoots.<anonymous closure> (package:custom_lint/src/v2/custom_lint_analyzer_plugin.dart:343)
<asynchronous suspension>
#9      PendingOperation.run (package:custom_lint/src/async_operation.dart:22)
<asynchronous suspension>
#10     CustomLintServer._handleRequest (package:custom_lint/src/v2/custom_lint_analyzer_plugin.dart:175)
<asynchronous suspension>

The request analysis.setContextRoots failed with the following error:
RequestErrorCode.PLUGIN_ERROR
The package "knex_dart_lint" has incompatible version constraints in the project:
- "../../packages/knex_dart_lint"
  from "lint_demo" at "./Users/kartik/StudioProjects/knex/knex-dart/example/lint_demo/pubspec.yaml".
- "^0.1.0"
  from "knex_dart" at "./Users/kartik/StudioProjects/knex/knex-dart/pubspec.yaml".

at:
#0      _buildDependencyConstraint.throws (package:custom_lint/src/workspace.dart:40)
#1      _buildDependencyConstraint (package:custom_lint/src/workspace.dart:107)
#2      CustomLintWorkspace._writePubspecDependencies (package:custom_lint/src/workspace.dart:658)
#3      CustomLintWorkspace.computePubspec (package:custom_lint/src/workspace.dart:564)
#4      CustomLintWorkspace.resolvePluginHost (package:custom_lint/src/workspace.dart:749)
#5      SocketCustomLintServerToClientChannel._startProcess (package:custom_lint/src/v2/server_to_client_channel.dart:151)
#6      SocketCustomLintServerToClientChannel.init (package:custom_lint/src/v2/server_to_client_channel.dart:110)
#7      CustomLintServer._maybeSpawnCustomLintPlugin (package:custom_lint/src/v2/custom_lint_analyzer_plugin.dart:396)
<asynchronous suspension>
#8      CustomLintServer._handleAnalysisSetContextRoots.<anonymous closure> (package:custom_lint/src/v2/custom_lint_analyzer_plugin.dart:343)
<asynchronous suspension>
#9      PendingOperation.run (package:custom_lint/src/async_operation.dart:22)
<asynchronous suspension>
#10     CustomLintServer._handleRequest (package:custom_lint/src/v2/custom_lint_analyzer_plugin.dart:175)
<asynchronous suspension>

The request analysis.setContextRoots failed with the following error:
RequestErrorCode.PLUGIN_ERROR
The package "knex_dart_lint" has incompatible version constraints in the project:
- "../../packages/knex_dart_lint"
  from "lint_demo" at "./example/lint_demo/pubspec.yaml".
- "^0.1.0"
  from "knex_dart" at "././pubspec.yaml".

at:
#0      _buildDependencyConstraint.throws (package:custom_lint/src/workspace.dart:40)
#1      _buildDependencyConstraint (package:custom_lint/src/workspace.dart:107)
#2      CustomLintWorkspace._writePubspecDependencies (package:custom_lint/src/workspace.dart:658)
#3      CustomLintWorkspace.computePubspec (package:custom_lint/src/workspace.dart:564)
#4      CustomLintWorkspace.resolvePluginHost (package:custom_lint/src/workspace.dart:749)
#5      SocketCustomLintServerToClientChannel._startProcess (package:custom_lint/src/v2/server_to_client_channel.dart:151)
#6      SocketCustomLintServerToClientChannel.init (package:custom_lint/src/v2/server_to_client_channel.dart:110)
#7      CustomLintServer._maybeSpawnCustomLintPlugin (package:custom_lint/src/v2/custom_lint_analyzer_plugin.dart:396)
<asynchronous suspension>
#8      CustomLintServer._handleAnalysisSetContextRoots.<anonymous closure> (package:custom_lint/src/v2/custom_lint_analyzer_plugin.dart:343)
<asynchronous suspension>
#9      PendingOperation.run (package:custom_lint/src/async_operation.dart:22)
<asynchronous suspension>
#10     CustomLintServer._handleRequest (package:custom_lint/src/v2/custom_lint_analyzer_plugin.dart:175)
<asynchronous suspension>

The request analysis.setContextRoots failed with the following error:
RequestErrorCode.PLUGIN_ERROR
The package "knex_dart_lint" has incompatible version constraints in the project:
- "../../packages/knex_dart_lint"
  from "lint_demo" at "./example/lint_demo/pubspec.yaml".
- "^0.1.0"
  from "knex_dart" at "././pubspec.yaml".

at:
#0      _buildDependencyConstraint.throws (package:custom_lint/src/workspace.dart:40)
#1      _buildDependencyConstraint (package:custom_lint/src/workspace.dart:107)
#2      CustomLintWorkspace._writePubspecDependencies (package:custom_lint/src/workspace.dart:658)
#3      CustomLintWorkspace.computePubspec (package:custom_lint/src/workspace.dart:564)
#4      CustomLintWorkspace.resolvePluginHost (package:custom_lint/src/workspace.dart:749)
#5      SocketCustomLintServerToClientChannel._startProcess (package:custom_lint/src/v2/server_to_client_channel.dart:151)
#6      SocketCustomLintServerToClientChannel.init (package:custom_lint/src/v2/server_to_client_channel.dart:110)
#7      CustomLintServer._maybeSpawnCustomLintPlugin (package:custom_lint/src/v2/custom_lint_analyzer_plugin.dart:396)
<asynchronous suspension>
#8      CustomLintServer._handleAnalysisSetContextRoots.<anonymous closure> (package:custom_lint/src/v2/custom_lint_analyzer_plugin.dart:343)
<asynchronous suspension>
#9      PendingOperation.run (package:custom_lint/src/async_operation.dart:22)
<asynchronous suspension>
#10     CustomLintServer._handleRequest (package:custom_lint/src/v2/custom_lint_analyzer_plugin.dart:175)
<asynchronous suspension>

The request analysis.setContextRoots failed with the following error:
RequestErrorCode.PLUGIN_ERROR
The package "knex_dart_lint" has incompatible version constraints in the project:
- "../../packages/knex_dart_lint"
  from "lint_demo" at "./Users/kartik/StudioProjects/knex/knex-dart/example/lint_demo/pubspec.yaml".
- "^0.1.0"
  from "knex_dart" at "./Users/kartik/StudioProjects/knex/knex-dart/pubspec.yaml".

at:
#0      _buildDependencyConstraint.throws (package:custom_lint/src/workspace.dart:40)
#1      _buildDependencyConstraint (package:custom_lint/src/workspace.dart:107)
#2      CustomLintWorkspace._writePubspecDependencies (package:custom_lint/src/workspace.dart:658)
#3      CustomLintWorkspace.computePubspec (package:custom_lint/src/workspace.dart:564)
#4      CustomLintWorkspace.resolvePluginHost (package:custom_lint/src/workspace.dart:749)
#5      SocketCustomLintServerToClientChannel._startProcess (package:custom_lint/src/v2/server_to_client_channel.dart:151)
#6      SocketCustomLintServerToClientChannel.init (package:custom_lint/src/v2/server_to_client_channel.dart:110)
#7      CustomLintServer._maybeSpawnCustomLintPlugin (package:custom_lint/src/v2/custom_lint_analyzer_plugin.dart:396)
<asynchronous suspension>
#8      CustomLintServer._handleAnalysisSetContextRoots.<anonymous closure> (package:custom_lint/src/v2/custom_lint_analyzer_plugin.dart:343)
<asynchronous suspension>
#9      PendingOperation.run (package:custom_lint/src/async_operation.dart:22)
<asynchronous suspension>
#10     CustomLintServer._handleRequest (package:custom_lint/src/v2/custom_lint_analyzer_plugin.dart:175)
<asynchronous suspension>

The request analysis.setContextRoots failed with the following error:
RequestErrorCode.PLUGIN_ERROR
The package "knex_dart_lint" has incompatible version constraints in the project:
- "../../packages/knex_dart_lint"
  from "lint_demo" at "./example/lint_demo/pubspec.yaml".
- "^0.1.0"
  from "knex_dart" at "././pubspec.yaml".

at:
#0      _buildDependencyConstraint.throws (package:custom_lint/src/workspace.dart:40)
#1      _buildDependencyConstraint (package:custom_lint/src/workspace.dart:107)
#2      CustomLintWorkspace._writePubspecDependencies (package:custom_lint/src/workspace.dart:658)
#3      CustomLintWorkspace.computePubspec (package:custom_lint/src/workspace.dart:564)
#4      CustomLintWorkspace.resolvePluginHost (package:custom_lint/src/workspace.dart:749)
#5      SocketCustomLintServerToClientChannel._startProcess (package:custom_lint/src/v2/server_to_client_channel.dart:151)
#6      SocketCustomLintServerToClientChannel.init (package:custom_lint/src/v2/server_to_client_channel.dart:110)
#7      CustomLintServer._maybeSpawnCustomLintPlugin (package:custom_lint/src/v2/custom_lint_analyzer_plugin.dart:396)
<asynchronous suspension>
#8      CustomLintServer._handleAnalysisSetContextRoots.<anonymous closure> (package:custom_lint/src/v2/custom_lint_analyzer_plugin.dart:343)
<asynchronous suspension>
#9      PendingOperation.run (package:custom_lint/src/async_operation.dart:22)
<asynchronous suspension>
#10     CustomLintServer._handleRequest (package:custom_lint/src/v2/custom_lint_analyzer_plugin.dart:175)
<asynchronous suspension>

The request analysis.setContextRoots failed with the following error:
RequestErrorCode.PLUGIN_ERROR
The package "knex_dart_lint" has incompatible version constraints in the project:
- "../../packages/knex_dart_lint"
  from "lint_demo" at "./Users/kartik/StudioProjects/knex/knex-dart/example/lint_demo/pubspec.yaml".
- "^0.1.0"
  from "knex_dart" at "./Users/kartik/StudioProjects/knex/knex-dart/pubspec.yaml".

at:
#0      _buildDependencyConstraint.throws (package:custom_lint/src/workspace.dart:40)
#1      _buildDependencyConstraint (package:custom_lint/src/workspace.dart:107)
#2      CustomLintWorkspace._writePubspecDependencies (package:custom_lint/src/workspace.dart:658)
#3      CustomLintWorkspace.computePubspec (package:custom_lint/src/workspace.dart:564)
#4      CustomLintWorkspace.resolvePluginHost (package:custom_lint/src/workspace.dart:749)
#5      SocketCustomLintServerToClientChannel._startProcess (package:custom_lint/src/v2/server_to_client_channel.dart:151)
#6      SocketCustomLintServerToClientChannel.init (package:custom_lint/src/v2/server_to_client_channel.dart:110)
#7      CustomLintServer._maybeSpawnCustomLintPlugin (package:custom_lint/src/v2/custom_lint_analyzer_plugin.dart:396)
<asynchronous suspension>
#8      CustomLintServer._handleAnalysisSetContextRoots.<anonymous closure> (package:custom_lint/src/v2/custom_lint_analyzer_plugin.dart:343)
<asynchronous suspension>
#9      PendingOperation.run (package:custom_lint/src/async_operation.dart:22)
<asynchronous suspension>
#10     CustomLintServer._handleRequest (package:custom_lint/src/v2/custom_lint_analyzer_plugin.dart:175)
<asynchronous suspension>

The request analysis.setContextRoots failed with the following error:
RequestErrorCode.PLUGIN_ERROR
The package "knex_dart_lint" has incompatible version constraints in the project:
- "../../packages/knex_dart_lint"
  from "lint_demo" at "./Users/kartik/StudioProjects/knex/knex-dart/example/lint_demo/pubspec.yaml".
- "^0.1.0"
  from "knex_dart" at "./Users/kartik/StudioProjects/knex/knex-dart/pubspec.yaml".

at:
#0      _buildDependencyConstraint.throws (package:custom_lint/src/workspace.dart:40)
#1      _buildDependencyConstraint (package:custom_lint/src/workspace.dart:107)
#2      CustomLintWorkspace._writePubspecDependencies (package:custom_lint/src/workspace.dart:658)
#3      CustomLintWorkspace.computePubspec (package:custom_lint/src/workspace.dart:564)
#4      CustomLintWorkspace.resolvePluginHost (package:custom_lint/src/workspace.dart:749)
#5      SocketCustomLintServerToClientChannel._startProcess (package:custom_lint/src/v2/server_to_client_channel.dart:151)
#6      SocketCustomLintServerToClientChannel.init (package:custom_lint/src/v2/server_to_client_channel.dart:110)
#7      CustomLintServer._maybeSpawnCustomLintPlugin (package:custom_lint/src/v2/custom_lint_analyzer_plugin.dart:396)
<asynchronous suspension>
#8      CustomLintServer._handleAnalysisSetContextRoots.<anonymous closure> (package:custom_lint/src/v2/custom_lint_analyzer_plugin.dart:343)
<asynchronous suspension>
#9      PendingOperation.run (package:custom_lint/src/async_operation.dart:22)
<asynchronous suspension>
#10     CustomLintServer._handleRequest (package:custom_lint/src/v2/custom_lint_analyzer_plugin.dart:175)
<asynchronous suspension>

The request analysis.setContextRoots failed with the following error:
RequestErrorCode.PLUGIN_ERROR
The package "knex_dart_lint" has incompatible version constraints in the project:
- "../../packages/knex_dart_lint"
  from "lint_demo" at "./example/lint_demo/pubspec.yaml".
- "^0.1.0"
  from "knex_dart" at "././pubspec.yaml".

at:
#0      _buildDependencyConstraint.throws (package:custom_lint/src/workspace.dart:40)
#1      _buildDependencyConstraint (package:custom_lint/src/workspace.dart:107)
#2      CustomLintWorkspace._writePubspecDependencies (package:custom_lint/src/workspace.dart:658)
#3      CustomLintWorkspace.computePubspec (package:custom_lint/src/workspace.dart:564)
#4      CustomLintWorkspace.resolvePluginHost (package:custom_lint/src/workspace.dart:749)
#5      SocketCustomLintServerToClientChannel._startProcess (package:custom_lint/src/v2/server_to_client_channel.dart:151)
#6      SocketCustomLintServerToClientChannel.init (package:custom_lint/src/v2/server_to_client_channel.dart:110)
#7      CustomLintServer._maybeSpawnCustomLintPlugin (package:custom_lint/src/v2/custom_lint_analyzer_plugin.dart:396)
<asynchronous suspension>
#8      CustomLintServer._handleAnalysisSetContextRoots.<anonymous closure> (package:custom_lint/src/v2/custom_lint_analyzer_plugin.dart:343)
<asynchronous suspension>
#9      PendingOperation.run (package:custom_lint/src/async_operation.dart:22)
<asynchronous suspension>
#10     CustomLintServer._handleRequest (package:custom_lint/src/v2/custom_lint_analyzer_plugin.dart:175)
<asynchronous suspension>

The request analysis.setContextRoots failed with the following error:
RequestErrorCode.PLUGIN_ERROR
The package "knex_dart_lint" has incompatible version constraints in the project:
- "../../packages/knex_dart_lint"
  from "lint_demo" at "./example/lint_demo/pubspec.yaml".
- "^0.1.0"
  from "knex_dart" at "././pubspec.yaml".

at:
#0      _buildDependencyConstraint.throws (package:custom_lint/src/workspace.dart:40)
#1      _buildDependencyConstraint (package:custom_lint/src/workspace.dart:107)
#2      CustomLintWorkspace._writePubspecDependencies (package:custom_lint/src/workspace.dart:658)
#3      CustomLintWorkspace.computePubspec (package:custom_lint/src/workspace.dart:564)
#4      CustomLintWorkspace.resolvePluginHost (package:custom_lint/src/workspace.dart:749)
#5      SocketCustomLintServerToClientChannel._startProcess (package:custom_lint/src/v2/server_to_client_channel.dart:151)
#6      SocketCustomLintServerToClientChannel.init (package:custom_lint/src/v2/server_to_client_channel.dart:110)
#7      CustomLintServer._maybeSpawnCustomLintPlugin (package:custom_lint/src/v2/custom_lint_analyzer_plugin.dart:396)
<asynchronous suspension>
#8      CustomLintServer._handleAnalysisSetContextRoots.<anonymous closure> (package:custom_lint/src/v2/custom_lint_analyzer_plugin.dart:343)
<asynchronous suspension>
#9      PendingOperation.run (package:custom_lint/src/async_operation.dart:22)
<asynchronous suspension>
#10     CustomLintServer._handleRequest (package:custom_lint/src/v2/custom_lint_analyzer_plugin.dart:175)
<asynchronous suspension>

The request analysis.setContextRoots failed with the following error:
RequestErrorCode.PLUGIN_ERROR
The package "knex_dart_lint" has incompatible version constraints in the project:
- "../../packages/knex_dart_lint"
  from "lint_demo" at "./Users/kartik/StudioProjects/knex/knex-dart/example/lint_demo/pubspec.yaml".
- "^0.1.0"
  from "knex_dart" at "./Users/kartik/StudioProjects/knex/knex-dart/pubspec.yaml".

at:
#0      _buildDependencyConstraint.throws (package:custom_lint/src/workspace.dart:40)
#1      _buildDependencyConstraint (package:custom_lint/src/workspace.dart:107)
#2      CustomLintWorkspace._writePubspecDependencies (package:custom_lint/src/workspace.dart:658)
#3      CustomLintWorkspace.computePubspec (package:custom_lint/src/workspace.dart:564)
#4      CustomLintWorkspace.resolvePluginHost (package:custom_lint/src/workspace.dart:749)
#5      SocketCustomLintServerToClientChannel._startProcess (package:custom_lint/src/v2/server_to_client_channel.dart:151)
#6      SocketCustomLintServerToClientChannel.init (package:custom_lint/src/v2/server_to_client_channel.dart:110)
#7      CustomLintServer._maybeSpawnCustomLintPlugin (package:custom_lint/src/v2/custom_lint_analyzer_plugin.dart:396)
<asynchronous suspension>
#8      CustomLintServer._handleAnalysisSetContextRoots.<anonymous closure> (package:custom_lint/src/v2/custom_lint_analyzer_plugin.dart:343)
<asynchronous suspension>
#9      PendingOperation.run (package:custom_lint/src/async_operation.dart:22)
<asynchronous suspension>
#10     CustomLintServer._handleRequest (package:custom_lint/src/v2/custom_lint_analyzer_plugin.dart:175)
<asynchronous suspension>

The request analysis.setContextRoots failed with the following error:
RequestErrorCode.PLUGIN_ERROR
The package "knex_dart_lint" has incompatible version constraints in the project:
- "../../packages/knex_dart_lint"
  from "lint_demo" at "./example/lint_demo/pubspec.yaml".
- "^0.1.0"
  from "knex_dart" at "././pubspec.yaml".

at:
#0      _buildDependencyConstraint.throws (package:custom_lint/src/workspace.dart:40)
#1      _buildDependencyConstraint (package:custom_lint/src/workspace.dart:107)
#2      CustomLintWorkspace._writePubspecDependencies (package:custom_lint/src/workspace.dart:658)
#3      CustomLintWorkspace.computePubspec (package:custom_lint/src/workspace.dart:564)
#4      CustomLintWorkspace.resolvePluginHost (package:custom_lint/src/workspace.dart:749)
#5      SocketCustomLintServerToClientChannel._startProcess (package:custom_lint/src/v2/server_to_client_channel.dart:151)
#6      SocketCustomLintServerToClientChannel.init (package:custom_lint/src/v2/server_to_client_channel.dart:110)
#7      CustomLintServer._maybeSpawnCustomLintPlugin (package:custom_lint/src/v2/custom_lint_analyzer_plugin.dart:396)
<asynchronous suspension>
#8      CustomLintServer._handleAnalysisSetContextRoots.<anonymous closure> (package:custom_lint/src/v2/custom_lint_analyzer_plugin.dart:343)
<asynchronous suspension>
#9      PendingOperation.run (package:custom_lint/src/async_operation.dart:22)
<asynchronous suspension>
#10     CustomLintServer._handleRequest (package:custom_lint/src/v2/custom_lint_analyzer_plugin.dart:175)
<asynchronous suspension>

The request analysis.setContextRoots failed with the following error:
RequestErrorCode.PLUGIN_ERROR
The package "knex_dart_lint" has incompatible version constraints in the project:
- "../../packages/knex_dart_lint"
  from "lint_demo" at "./Users/kartik/StudioProjects/knex/knex-dart/example/lint_demo/pubspec.yaml".
- "^0.1.0"
  from "knex_dart" at "./Users/kartik/StudioProjects/knex/knex-dart/pubspec.yaml".

at:
#0      _buildDependencyConstraint.throws (package:custom_lint/src/workspace.dart:40)
#1      _buildDependencyConstraint (package:custom_lint/src/workspace.dart:107)
#2      CustomLintWorkspace._writePubspecDependencies (package:custom_lint/src/workspace.dart:658)
#3      CustomLintWorkspace.computePubspec (package:custom_lint/src/workspace.dart:564)
#4      CustomLintWorkspace.resolvePluginHost (package:custom_lint/src/workspace.dart:749)
#5      SocketCustomLintServerToClientChannel._startProcess (package:custom_lint/src/v2/server_to_client_channel.dart:151)
#6      SocketCustomLintServerToClientChannel.init (package:custom_lint/src/v2/server_to_client_channel.dart:110)
#7      CustomLintServer._maybeSpawnCustomLintPlugin (package:custom_lint/src/v2/custom_lint_analyzer_plugin.dart:396)
<asynchronous suspension>
#8      CustomLintServer._handleAnalysisSetContextRoots.<anonymous closure> (package:custom_lint/src/v2/custom_lint_analyzer_plugin.dart:343)
<asynchronous suspension>
#9      PendingOperation.run (package:custom_lint/src/async_operation.dart:22)
<asynchronous suspension>
#10     CustomLintServer._handleRequest (package:custom_lint/src/v2/custom_lint_analyzer_plugin.dart:175)
<asynchronous suspension>

The request analysis.setContextRoots failed with the following error:
RequestErrorCode.PLUGIN_ERROR
The package "knex_dart_lint" has incompatible version constraints in the project:
- "../../packages/knex_dart_lint"
  from "lint_demo" at "./Users/kartik/StudioProjects/knex/knex-dart/example/lint_demo/pubspec.yaml".
- "^0.1.0"
  from "knex_dart" at "./Users/kartik/StudioProjects/knex/knex-dart/pubspec.yaml".

at:
#0      _buildDependencyConstraint.throws (package:custom_lint/src/workspace.dart:40)
#1      _buildDependencyConstraint (package:custom_lint/src/workspace.dart:107)
#2      CustomLintWorkspace._writePubspecDependencies (package:custom_lint/src/workspace.dart:658)
#3      CustomLintWorkspace.computePubspec (package:custom_lint/src/workspace.dart:564)
#4      CustomLintWorkspace.resolvePluginHost (package:custom_lint/src/workspace.dart:749)
#5      SocketCustomLintServerToClientChannel._startProcess (package:custom_lint/src/v2/server_to_client_channel.dart:151)
#6      SocketCustomLintServerToClientChannel.init (package:custom_lint/src/v2/server_to_client_channel.dart:110)
#7      CustomLintServer._maybeSpawnCustomLintPlugin (package:custom_lint/src/v2/custom_lint_analyzer_plugin.dart:396)
<asynchronous suspension>
#8      CustomLintServer._handleAnalysisSetContextRoots.<anonymous closure> (package:custom_lint/src/v2/custom_lint_analyzer_plugin.dart:343)
<asynchronous suspension>
#9      PendingOperation.run (package:custom_lint/src/async_operation.dart:22)
<asynchronous suspension>
#10     CustomLintServer._handleRequest (package:custom_lint/src/v2/custom_lint_analyzer_plugin.dart:175)
<asynchronous suspension>

[custom_lint] 2026-03-04T22:09:00.397804 ProcessException: No such file or directory
[custom_lint] 2026-03-04T22:09:00.397804   Command: dart lib/custom_lint_client.dart ::1 56745
[custom_lint] 2026-03-04T22:09:00.397804 #0      _ProcessImpl._start (dart:io-patch/process_patch.dart:421)
[custom_lint] 2026-03-04T22:09:00.397804 #1      Process.start (dart:io-patch/process_patch.dart:42)
[custom_lint] 2026-03-04T22:09:00.397804 #2      SocketCustomLintServerToClientChannel._startProcess.<anonymous closure> (package:custom_lint/src/v2/server_to_client_channel.dart:155)
[custom_lint] 2026-03-04T22:09:00.397804 #3      _asyncRetry (package:custom_lint/src/v2/server_to_client_channel.dart:24)
[custom_lint] 2026-03-04T22:09:00.397804 #4      SocketCustomLintServerToClientChannel._startProcess (package:custom_lint/src/v2/server_to_client_channel.dart:154)
[custom_lint] 2026-03-04T22:09:00.397804 <asynchronous suspension>
[custom_lint] 2026-03-04T22:09:00.397804 #5      SocketCustomLintServerToClientChannel.init (package:custom_lint/src/v2/server_to_client_channel.dart:111)
[custom_lint] 2026-03-04T22:09:00.397804 <asynchronous suspension>
[custom_lint] 2026-03-04T22:09:00.397804 #6      CustomLintServer._maybeSpawnCustomLintPlugin (package:custom_lint/src/v2/custom_lint_analyzer_plugin.dart:396)
[custom_lint] 2026-03-04T22:09:00.397804 <asynchronous suspension>
[custom_lint] 2026-03-04T22:09:00.397804 #7      CustomLintServer._handleAnalysisSetContextRoots.<anonymous closure> (package:custom_lint/src/v2/custom_lint_analyzer_plugin.dart:343)
[custom_lint] 2026-03-04T22:09:00.397804 <asynchronous suspension>
[custom_lint] 2026-03-04T22:09:00.397804 #8      PendingOperation.run (package:custom_lint/src/async_operation.dart:22)
[custom_lint] 2026-03-04T22:09:00.397804 <asynchronous suspension>
[custom_lint] 2026-03-04T22:09:00.397804 #9      CustomLintServer._handleRequest (package:custom_lint/src/v2/custom_lint_analyzer_plugin.dart:175)
[custom_lint] 2026-03-04T22:09:00.397804 <asynchronous suspension>
[custom_lint] 2026-03-04T22:09:00.397804
[custom_lint] 2026-03-04T22:09:00.424081 ProcessException: No such file or directory
[custom_lint] 2026-03-04T22:09:00.424081   Command: dart lib/custom_lint_client.dart ::1 56745
[custom_lint] 2026-03-04T22:09:00.424081 #0      _ProcessImpl._start (dart:io-patch/process_patch.dart:421)
[custom_lint] 2026-03-04T22:09:00.424081 #1      Process.start (dart:io-patch/process_patch.dart:42)
[custom_lint] 2026-03-04T22:09:00.424081 #2      SocketCustomLintServerToClientChannel._startProcess.<anonymous closure> (package:custom_lint/src/v2/server_to_client_channel.dart:155)
[custom_lint] 2026-03-04T22:09:00.424081 #3      _asyncRetry (package:custom_lint/src/v2/server_to_client_channel.dart:24)
[custom_lint] 2026-03-04T22:09:00.424081 <asynchronous suspension>
[custom_lint] 2026-03-04T22:09:00.424081 #4      SocketCustomLintServerToClientChannel.init (package:custom_lint/src/v2/server_to_client_channel.dart:111)
[custom_lint] 2026-03-04T22:09:00.424081 <asynchronous suspension>
[custom_lint] 2026-03-04T22:09:00.424081 #5      CustomLintServer._maybeSpawnCustomLintPlugin (package:custom_lint/src/v2/custom_lint_analyzer_plugin.dart:396)
[custom_lint] 2026-03-04T22:09:00.424081 <asynchronous suspension>
[custom_lint] 2026-03-04T22:09:00.424081 #6      CustomLintServer._handleAnalysisSetContextRoots.<anonymous closure> (package:custom_lint/src/v2/custom_lint_analyzer_plugin.dart:343)
[custom_lint] 2026-03-04T22:09:00.424081 <asynchronous suspension>
[custom_lint] 2026-03-04T22:09:00.424081 #7      PendingOperation.run (package:custom_lint/src/async_operation.dart:22)
[custom_lint] 2026-03-04T22:09:00.424081 <asynchronous suspension>
[custom_lint] 2026-03-04T22:09:00.424081 #8      CustomLintServer._handleRequest (package:custom_lint/src/v2/custom_lint_analyzer_plugin.dart:175)
[custom_lint] 2026-03-04T22:09:00.424081 <asynchronous suspension>
[custom_lint] 2026-03-04T22:09:00.424081
[custom_lint] 2026-03-04T22:09:00.442346 ProcessException: No such file or directory
[custom_lint] 2026-03-04T22:09:00.442346   Command: dart lib/custom_lint_client.dart ::1 56745
[custom_lint] 2026-03-04T22:09:00.442346 #0      _ProcessImpl._start (dart:io-patch/process_patch.dart:421)
[custom_lint] 2026-03-04T22:09:00.442346 #1      Process.start (dart:io-patch/process_patch.dart:42)
[custom_lint] 2026-03-04T22:09:00.442346 #2      SocketCustomLintServerToClientChannel._startProcess.<anonymous closure> (package:custom_lint/src/v2/server_to_client_channel.dart:155)
[custom_lint] 2026-03-04T22:09:00.442346 #3      _asyncRetry (package:custom_lint/src/v2/server_to_client_channel.dart:24)
[custom_lint] 2026-03-04T22:09:00.442346 <asynchronous suspension>
[custom_lint] 2026-03-04T22:09:00.442346 #4      SocketCustomLintServerToClientChannel.init (package:custom_lint/src/v2/server_to_client_channel.dart:111)
[custom_lint] 2026-03-04T22:09:00.442346 <asynchronous suspension>
[custom_lint] 2026-03-04T22:09:00.442346 #5      CustomLintServer._maybeSpawnCustomLintPlugin (package:custom_lint/src/v2/custom_lint_analyzer_plugin.dart:396)
[custom_lint] 2026-03-04T22:09:00.442346 <asynchronous suspension>
[custom_lint] 2026-03-04T22:09:00.442346 #6      CustomLintServer._handleAnalysisSetContextRoots.<anonymous closure> (package:custom_lint/src/v2/custom_lint_analyzer_plugin.dart:343)
[custom_lint] 2026-03-04T22:09:00.442346 <asynchronous suspension>
[custom_lint] 2026-03-04T22:09:00.442346 #7      PendingOperation.run (package:custom_lint/src/async_operation.dart:22)
[custom_lint] 2026-03-04T22:09:00.442346 <asynchronous suspension>
[custom_lint] 2026-03-04T22:09:00.442346 #8      CustomLintServer._handleRequest (package:custom_lint/src/v2/custom_lint_analyzer_plugin.dart:175)
[custom_lint] 2026-03-04T22:09:00.442346 <asynchronous suspension>
[custom_lint] 2026-03-04T22:09:00.442346
[custom_lint] 2026-03-04T22:09:00.458777 ProcessException: No such file or directory
[custom_lint] 2026-03-04T22:09:00.458777   Command: dart lib/custom_lint_client.dart ::1 56745
[custom_lint] 2026-03-04T22:09:00.458777 #0      _ProcessImpl._start (dart:io-patch/process_patch.dart:421)
[custom_lint] 2026-03-04T22:09:00.458777 #1      Process.start (dart:io-patch/process_patch.dart:42)
[custom_lint] 2026-03-04T22:09:00.458777 #2      SocketCustomLintServerToClientChannel._startProcess.<anonymous closure> (package:custom_lint/src/v2/server_to_client_channel.dart:155)
[custom_lint] 2026-03-04T22:09:00.458777 #3      _asyncRetry (package:custom_lint/src/v2/server_to_client_channel.dart:24)
[custom_lint] 2026-03-04T22:09:00.458777 <asynchronous suspension>
[custom_lint] 2026-03-04T22:09:00.458777 #4      SocketCustomLintServerToClientChannel.init (package:custom_lint/src/v2/server_to_client_channel.dart:111)
[custom_lint] 2026-03-04T22:09:00.458777 <asynchronous suspension>
[custom_lint] 2026-03-04T22:09:00.458777 #5      CustomLintServer._maybeSpawnCustomLintPlugin (package:custom_lint/src/v2/custom_lint_analyzer_plugin.dart:396)
[custom_lint] 2026-03-04T22:09:00.458777 <asynchronous suspension>
[custom_lint] 2026-03-04T22:09:00.458777 #6      CustomLintServer._handleAnalysisSetContextRoots.<anonymous closure> (package:custom_lint/src/v2/custom_lint_analyzer_plugin.dart:343)
[custom_lint] 2026-03-04T22:09:00.458777 <asynchronous suspension>
[custom_lint] 2026-03-04T22:09:00.458777 #7      PendingOperation.run (package:custom_lint/src/async_operation.dart:22)
[custom_lint] 2026-03-04T22:09:00.458777 <asynchronous suspension>
[custom_lint] 2026-03-04T22:09:00.458777 #8      CustomLintServer._handleRequest (package:custom_lint/src/v2/custom_lint_analyzer_plugin.dart:175)
[custom_lint] 2026-03-04T22:09:00.458777 <asynchronous suspension>
[custom_lint] 2026-03-04T22:09:00.458777
[custom_lint] 2026-03-04T22:09:00.475758 ProcessException: No such file or directory
[custom_lint] 2026-03-04T22:09:00.475758   Command: dart lib/custom_lint_client.dart ::1 56745
[custom_lint] 2026-03-04T22:09:00.475758 #0      _ProcessImpl._start (dart:io-patch/process_patch.dart:421)
[custom_lint] 2026-03-04T22:09:00.475758 #1      Process.start (dart:io-patch/process_patch.dart:42)
[custom_lint] 2026-03-04T22:09:00.475758 #2      SocketCustomLintServerToClientChannel._startProcess.<anonymous closure> (package:custom_lint/src/v2/server_to_client_channel.dart:155)
[custom_lint] 2026-03-04T22:09:00.475758 #3      _asyncRetry (package:custom_lint/src/v2/server_to_client_channel.dart:24)
[custom_lint] 2026-03-04T22:09:00.475758 <asynchronous suspension>
[custom_lint] 2026-03-04T22:09:00.475758 #4      SocketCustomLintServerToClientChannel.init (package:custom_lint/src/v2/server_to_client_channel.dart:111)
[custom_lint] 2026-03-04T22:09:00.475758 <asynchronous suspension>
[custom_lint] 2026-03-04T22:09:00.475758 #5      CustomLintServer._maybeSpawnCustomLintPlugin (package:custom_lint/src/v2/custom_lint_analyzer_plugin.dart:396)
[custom_lint] 2026-03-04T22:09:00.475758 <asynchronous suspension>
[custom_lint] 2026-03-04T22:09:00.475758 #6      CustomLintServer._handleAnalysisSetContextRoots.<anonymous closure> (package:custom_lint/src/v2/custom_lint_analyzer_plugin.dart:343)
[custom_lint] 2026-03-04T22:09:00.475758 <asynchronous suspension>
[custom_lint] 2026-03-04T22:09:00.475758 #7      PendingOperation.run (package:custom_lint/src/async_operation.dart:22)
[custom_lint] 2026-03-04T22:09:00.475758 <asynchronous suspension>
[custom_lint] 2026-03-04T22:09:00.475758 #8      CustomLintServer._handleRequest (package:custom_lint/src/v2/custom_lint_analyzer_plugin.dart:175)
[custom_lint] 2026-03-04T22:09:00.475758 <asynchronous suspension>
[custom_lint] 2026-03-04T22:09:00.475758
The request analysis.setContextRoots failed with the following error:
RequestErrorCode.PLUGIN_ERROR
ProcessException: No such file or directory
  Command: dart lib/custom_lint_client.dart ::1 56745
at:
#0      _ProcessImpl._start (dart:io-patch/process_patch.dart:421)
#1      Process.start (dart:io-patch/process_patch.dart:42)
#2      SocketCustomLintServerToClientChannel._startProcess.<anonymous closure> (package:custom_lint/src/v2/server_to_client_channel.dart:155)
#3      _asyncRetry (package:custom_lint/src/v2/server_to_client_channel.dart:24)
<asynchronous suspension>
#4      SocketCustomLintServerToClientChannel.init (package:custom_lint/src/v2/server_to_client_channel.dart:111)
<asynchronous suspension>
#5      CustomLintServer._maybeSpawnCustomLintPlugin (package:custom_lint/src/v2/custom_lint_analyzer_plugin.dart:396)
<asynchronous suspension>
#6      CustomLintServer._handleAnalysisSetContextRoots.<anonymous closure> (package:custom_lint/src/v2/custom_lint_analyzer_plugin.dart:343)
<asynchronous suspension>
#7      PendingOperation.run (package:custom_lint/src/async_operation.dart:22)
<asynchronous suspension>
#8      CustomLintServer._handleRequest (package:custom_lint/src/v2/custom_lint_analyzer_plugin.dart:175)
<asynchronous suspension>

[custom_lint] 2026-03-18T22:16:54.350138 /Users/kartik/.pub-cache/hosted/pub.dev/knex_dart_lint-0.1.0/lib/src/rule_utils.dart:9:11: Error: The type 'KnexDialect' is not exhaustively matched by the switch cases since it doesn't match 'KnexDialect.mariadb'.
[custom_lint] 2026-03-18T22:16:54.350138  - 'KnexDialect' is from 'package:knex_dart_capabilities/src/capabilities.dart' ('/Users/kartik/StudioProjects/knex/knex-dart/packages/knex_dart_capabilities/lib/src/capabilities.dart').
[custom_lint] 2026-03-18T22:16:54.350138 Try adding a default case or cases that match 'KnexDialect.mariadb'.
[custom_lint] 2026-03-18T22:16:54.350138   switch (dialect) {
[custom_lint] 2026-03-18T22:16:54.350138           ^
[custom_lint] 2026-03-18T22:16:54.350138
[custom_lint] 2026-03-18T22:16:54.350138
Failed to start pluginsThe request analysis.setContextRoots failed with the following error:
RequestErrorCode.PLUGIN_ERROR
Bad state: Failed to start the plugins.
at:
#0      SocketCustomLintServerToClientChannel._checkInitializationFail.<anonymous closure> (package:custom_lint/src/v2/server_to_client_channel.dart:223)
<asynchronous suspension>
#1      Future.any.onValue (dart:async/future.dart:637)
<asynchronous suspension>

[custom_lint] 2026-03-18T22:20:05.444353 /Users/kartik/.pub-cache/hosted/pub.dev/knex_dart_lint-0.1.0/lib/src/rule_utils.dart:9:11: Error: The type 'KnexDialect' is not exhaustively matched by the switch cases since it doesn't match 'KnexDialect.mariadb'.
[custom_lint] 2026-03-18T22:20:05.444353  - 'KnexDialect' is from 'package:knex_dart_capabilities/src/capabilities.dart' ('/Users/kartik/StudioProjects/knex/knex-dart/packages/knex_dart_capabilities/lib/src/capabilities.dart').
[custom_lint] 2026-03-18T22:20:05.444353 Try adding a default case or cases that match 'KnexDialect.mariadb'.
[custom_lint] 2026-03-18T22:20:05.444353   switch (dialect) {
[custom_lint] 2026-03-18T22:20:05.444353           ^
[custom_lint] 2026-03-18T22:20:05.444353
[custom_lint] 2026-03-18T22:20:05.444353
Failed to start pluginsThe request analysis.setContextRoots failed with the following error:
RequestErrorCode.PLUGIN_ERROR
Bad state: Failed to start the plugins.
at:
#0      SocketCustomLintServerToClientChannel._checkInitializationFail.<anonymous closure> (package:custom_lint/src/v2/server_to_client_channel.dart:223)
<asynchronous suspension>
#1      Future.any.onValue (dart:async/future.dart:637)
<asynchronous suspension>

[custom_lint] 2026-03-18T22:20:07.249911 /Users/kartik/.pub-cache/hosted/pub.dev/knex_dart_lint-0.1.0/lib/src/rule_utils.dart:9:11: Error: The type 'KnexDialect' is not exhaustively matched by the switch cases since it doesn't match 'KnexDialect.mariadb'.
[custom_lint] 2026-03-18T22:20:07.249911  - 'KnexDialect' is from 'package:knex_dart_capabilities/src/capabilities.dart' ('/Users/kartik/StudioProjects/knex/knex-dart/packages/knex_dart_capabilities/lib/src/capabilities.dart').
[custom_lint] 2026-03-18T22:20:07.249911 Try adding a default case or cases that match 'KnexDialect.mariadb'.
[custom_lint] 2026-03-18T22:20:07.249911   switch (dialect) {
[custom_lint] 2026-03-18T22:20:07.249911           ^
[custom_lint] 2026-03-18T22:20:07.249911
[custom_lint] 2026-03-18T22:20:07.249911
Failed to start pluginsThe request analysis.setContextRoots failed with the following error:
RequestErrorCode.PLUGIN_ERROR
Bad state: Failed to start the plugins.
at:
#0      SocketCustomLintServerToClientChannel._checkInitializationFail.<anonymous closure> (package:custom_lint/src/v2/server_to_client_channel.dart:223)
<asynchronous suspension>
#1      Future.any.onValue (dart:async/future.dart:637)
<asynchronous suspension>

[custom_lint] 2026-03-18T22:21:59.991176 /Users/kartik/.pub-cache/hosted/pub.dev/knex_dart_lint-0.1.0/lib/src/rule_utils.dart:9:11: Error: The type 'KnexDialect' is not exhaustively matched by the switch cases since it doesn't match 'KnexDialect.mariadb'.
[custom_lint] 2026-03-18T22:21:59.991176  - 'KnexDialect' is from 'package:knex_dart_capabilities/src/capabilities.dart' ('/Users/kartik/StudioProjects/knex/knex-dart/packages/knex_dart_capabilities/lib/src/capabilities.dart').
[custom_lint] 2026-03-18T22:21:59.991176 Try adding a default case or cases that match 'KnexDialect.mariadb'.
[custom_lint] 2026-03-18T22:21:59.991176   switch (dialect) {
[custom_lint] 2026-03-18T22:21:59.991176           ^
[custom_lint] 2026-03-18T22:21:59.991176
[custom_lint] 2026-03-18T22:21:59.991176
Failed to start pluginsThe request analysis.setContextRoots failed with the following error:
RequestErrorCode.PLUGIN_ERROR
Bad state: Failed to start the plugins.
at:
#0      SocketCustomLintServerToClientChannel._checkInitializationFail.<anonymous closure> (package:custom_lint/src/v2/server_to_client_channel.dart:223)
<asynchronous suspension>
#1      Future.any.onValue (dart:async/future.dart:637)
<asynchronous suspension>

[custom_lint] 2026-03-18T22:22:31.622296 /Users/kartik/.pub-cache/hosted/pub.dev/knex_dart_lint-0.1.0/lib/src/rule_utils.dart:9:11: Error: The type 'KnexDialect' is not exhaustively matched by the switch cases since it doesn't match 'KnexDialect.mariadb'.
[custom_lint] 2026-03-18T22:22:31.622296  - 'KnexDialect' is from 'package:knex_dart_capabilities/src/capabilities.dart' ('/Users/kartik/StudioProjects/knex/knex-dart/packages/knex_dart_capabilities/lib/src/capabilities.dart').
[custom_lint] 2026-03-18T22:22:31.622296 Try adding a default case or cases that match 'KnexDialect.mariadb'.
[custom_lint] 2026-03-18T22:22:31.622296   switch (dialect) {
[custom_lint] 2026-03-18T22:22:31.622296           ^
[custom_lint] 2026-03-18T22:22:31.622296
[custom_lint] 2026-03-18T22:22:31.622296
Failed to start pluginsThe request analysis.setContextRoots failed with the following error:
RequestErrorCode.PLUGIN_ERROR
Bad state: Failed to start the plugins.
at:
#0      SocketCustomLintServerToClientChannel._checkInitializationFail.<anonymous closure> (package:custom_lint/src/v2/server_to_client_channel.dart:223)
<asynchronous suspension>
#1      Future.any.onValue (dart:async/future.dart:637)
<asynchronous suspension>

[custom_lint] 2026-03-18T22:22:33.954927 /Users/kartik/.pub-cache/hosted/pub.dev/knex_dart_lint-0.1.0/lib/src/rule_utils.dart:9:11: Error: The type 'KnexDialect' is not exhaustively matched by the switch cases since it doesn't match 'KnexDialect.mariadb'.
[custom_lint] 2026-03-18T22:22:33.954927  - 'KnexDialect' is from 'package:knex_dart_capabilities/src/capabilities.dart' ('/Users/kartik/StudioProjects/knex/knex-dart/packages/knex_dart_capabilities/lib/src/capabilities.dart').
[custom_lint] 2026-03-18T22:22:33.954927 Try adding a default case or cases that match 'KnexDialect.mariadb'.
[custom_lint] 2026-03-18T22:22:33.954927   switch (dialect) {
[custom_lint] 2026-03-18T22:22:33.954927           ^
[custom_lint] 2026-03-18T22:22:33.954927
[custom_lint] 2026-03-18T22:22:33.954927
Failed to start pluginsThe request analysis.setContextRoots failed with the following error:
RequestErrorCode.PLUGIN_ERROR
Bad state: Failed to start the plugins.
at:
#0      SocketCustomLintServerToClientChannel._checkInitializationFail.<anonymous closure> (package:custom_lint/src/v2/server_to_client_channel.dart:223)
<asynchronous suspension>
#1      Future.any.onValue (dart:async/future.dart:637)
<asynchronous suspension>

[custom_lint] 2026-03-18T22:23:17.165020 /Users/kartik/.pub-cache/hosted/pub.dev/knex_dart_lint-0.1.0/lib/src/rule_utils.dart:9:11: Error: The type 'KnexDialect' is not exhaustively matched by the switch cases since it doesn't match 'KnexDialect.mariadb'.
[custom_lint] 2026-03-18T22:23:17.165020  - 'KnexDialect' is from 'package:knex_dart_capabilities/src/capabilities.dart' ('/Users/kartik/StudioProjects/knex/knex-dart/packages/knex_dart_capabilities/lib/src/capabilities.dart').
[custom_lint] 2026-03-18T22:23:17.165020 Try adding a default case or cases that match 'KnexDialect.mariadb'.
[custom_lint] 2026-03-18T22:23:17.165020   switch (dialect) {
[custom_lint] 2026-03-18T22:23:17.165020           ^
[custom_lint] 2026-03-18T22:23:17.165020
[custom_lint] 2026-03-18T22:23:17.165020
Failed to start pluginsThe request analysis.setContextRoots failed with the following error:
RequestErrorCode.PLUGIN_ERROR
Bad state: Failed to start the plugins.
at:
#0      SocketCustomLintServerToClientChannel._checkInitializationFail.<anonymous closure> (package:custom_lint/src/v2/server_to_client_channel.dart:223)
<asynchronous suspension>
#1      Future.any.onValue (dart:async/future.dart:637)
<asynchronous suspension>

[custom_lint] 2026-03-18T22:23:52.160515 /Users/kartik/.pub-cache/hosted/pub.dev/knex_dart_lint-0.1.0/lib/src/rule_utils.dart:9:11: Error: The type 'KnexDialect' is not exhaustively matched by the switch cases since it doesn't match 'KnexDialect.mariadb'.
[custom_lint] 2026-03-18T22:23:52.160515  - 'KnexDialect' is from 'package:knex_dart_capabilities/src/capabilities.dart' ('/Users/kartik/StudioProjects/knex/knex-dart/packages/knex_dart_capabilities/lib/src/capabilities.dart').
[custom_lint] 2026-03-18T22:23:52.160515 Try adding a default case or cases that match 'KnexDialect.mariadb'.
[custom_lint] 2026-03-18T22:23:52.160515   switch (dialect) {
[custom_lint] 2026-03-18T22:23:52.160515           ^
[custom_lint] 2026-03-18T22:23:52.160515
[custom_lint] 2026-03-18T22:23:52.160515
Failed to start pluginsThe request analysis.setContextRoots failed with the following error:
RequestErrorCode.PLUGIN_ERROR
Bad state: Failed to start the plugins.
at:
#0      SocketCustomLintServerToClientChannel._checkInitializationFail.<anonymous closure> (package:custom_lint/src/v2/server_to_client_channel.dart:223)
<asynchronous suspension>
#1      Future.any.onValue (dart:async/future.dart:637)
<asynchronous suspension>

[custom_lint] 2026-03-18T22:29:10.534790 /Users/kartik/.pub-cache/hosted/pub.dev/knex_dart_lint-0.1.0/lib/src/rule_utils.dart:9:11: Error: The type 'KnexDialect' is not exhaustively matched by the switch cases since it doesn't match 'KnexDialect.mariadb'.
[custom_lint] 2026-03-18T22:29:10.534790  - 'KnexDialect' is from 'package:knex_dart_capabilities/src/capabilities.dart' ('/Users/kartik/StudioProjects/knex/knex-dart/packages/knex_dart_capabilities/lib/src/capabilities.dart').
[custom_lint] 2026-03-18T22:29:10.534790 Try adding a default case or cases that match 'KnexDialect.mariadb'.
[custom_lint] 2026-03-18T22:29:10.534790   switch (dialect) {
[custom_lint] 2026-03-18T22:29:10.534790           ^
[custom_lint] 2026-03-18T22:29:10.534790
[custom_lint] 2026-03-18T22:29:10.534790
Failed to start pluginsThe request analysis.setContextRoots failed with the following error:
RequestErrorCode.PLUGIN_ERROR
Bad state: Failed to start the plugins.
at:
#0      SocketCustomLintServerToClientChannel._checkInitializationFail.<anonymous closure> (package:custom_lint/src/v2/server_to_client_channel.dart:223)
<asynchronous suspension>
#1      Future.any.onValue (dart:async/future.dart:637)
<asynchronous suspension>

[custom_lint] 2026-03-18T22:29:12.750172 /Users/kartik/.pub-cache/hosted/pub.dev/knex_dart_lint-0.1.0/lib/src/rule_utils.dart:9:11: Error: The type 'KnexDialect' is not exhaustively matched by the switch cases since it doesn't match 'KnexDialect.mariadb'.
[custom_lint] 2026-03-18T22:29:12.750172  - 'KnexDialect' is from 'package:knex_dart_capabilities/src/capabilities.dart' ('/Users/kartik/StudioProjects/knex/knex-dart/packages/knex_dart_capabilities/lib/src/capabilities.dart').
[custom_lint] 2026-03-18T22:29:12.750172 Try adding a default case or cases that match 'KnexDialect.mariadb'.
[custom_lint] 2026-03-18T22:29:12.750172   switch (dialect) {
[custom_lint] 2026-03-18T22:29:12.750172           ^
[custom_lint] 2026-03-18T22:29:12.750172
[custom_lint] 2026-03-18T22:29:12.750172
Failed to start pluginsThe request analysis.setContextRoots failed with the following error:
RequestErrorCode.PLUGIN_ERROR
Bad state: Failed to start the plugins.
at:
#0      SocketCustomLintServerToClientChannel._checkInitializationFail.<anonymous closure> (package:custom_lint/src/v2/server_to_client_channel.dart:223)
<asynchronous suspension>
#1      Future.any.onValue (dart:async/future.dart:637)
<asynchronous suspension>

[custom_lint] 2026-03-18T23:05:33.471225 /Users/kartik/.pub-cache/hosted/pub.dev/knex_dart_lint-0.1.0/lib/src/rule_utils.dart:9:11: Error: The type 'KnexDialect' is not exhaustively matched by the switch cases since it doesn't match 'KnexDialect.mariadb'.
[custom_lint] 2026-03-18T23:05:33.471225  - 'KnexDialect' is from 'package:knex_dart_capabilities/src/capabilities.dart' ('/Users/kartik/StudioProjects/knex/knex-dart/packages/knex_dart_capabilities/lib/src/capabilities.dart').
[custom_lint] 2026-03-18T23:05:33.471225 Try adding a default case or cases that match 'KnexDialect.mariadb'.
[custom_lint] 2026-03-18T23:05:33.471225   switch (dialect) {
[custom_lint] 2026-03-18T23:05:33.471225           ^
[custom_lint] 2026-03-18T23:05:33.471225
[custom_lint] 2026-03-18T23:05:33.471225
Failed to start pluginsThe request analysis.setContextRoots failed with the following error:
RequestErrorCode.PLUGIN_ERROR
Bad state: Failed to start the plugins.
at:
#0      SocketCustomLintServerToClientChannel._checkInitializationFail.<anonymous closure> (package:custom_lint/src/v2/server_to_client_channel.dart:223)
<asynchronous suspension>
#1      Future.any.onValue (dart:async/future.dart:637)
<asynchronous suspension>

[custom_lint] 2026-03-18T23:14:20.378519 /Users/kartik/.pub-cache/hosted/pub.dev/knex_dart_lint-0.1.0/lib/src/rule_utils.dart:9:11: Error: The type 'KnexDialect' is not exhaustively matched by the switch cases since it doesn't match 'KnexDialect.mariadb'.
[custom_lint] 2026-03-18T23:14:20.378519  - 'KnexDialect' is from 'package:knex_dart_capabilities/src/capabilities.dart' ('/Users/kartik/StudioProjects/knex/knex-dart/packages/knex_dart_capabilities/lib/src/capabilities.dart').
[custom_lint] 2026-03-18T23:14:20.378519 Try adding a default case or cases that match 'KnexDialect.mariadb'.
[custom_lint] 2026-03-18T23:14:20.378519   switch (dialect) {
[custom_lint] 2026-03-18T23:14:20.378519           ^
[custom_lint] 2026-03-18T23:14:20.378519
[custom_lint] 2026-03-18T23:14:20.378519
Failed to start pluginsThe request analysis.setContextRoots failed with the following error:
RequestErrorCode.PLUGIN_ERROR
Bad state: Failed to start the plugins.
at:
#0      SocketCustomLintServerToClientChannel._checkInitializationFail.<anonymous closure> (package:custom_lint/src/v2/server_to_client_channel.dart:223)
<asynchronous suspension>
#1      Future.any.onValue (dart:async/future.dart:637)
<asynchronous suspension>

[custom_lint] 2026-03-18T23:14:26.151031 /Users/kartik/.pub-cache/hosted/pub.dev/knex_dart_lint-0.1.0/lib/src/rule_utils.dart:9:11: Error: The type 'KnexDialect' is not exhaustively matched by the switch cases since it doesn't match 'KnexDialect.mariadb'.
[custom_lint] 2026-03-18T23:14:26.151031  - 'KnexDialect' is from 'package:knex_dart_capabilities/src/capabilities.dart' ('/Users/kartik/StudioProjects/knex/knex-dart/packages/knex_dart_capabilities/lib/src/capabilities.dart').
[custom_lint] 2026-03-18T23:14:26.151031 Try adding a default case or cases that match 'KnexDialect.mariadb'.
[custom_lint] 2026-03-18T23:14:26.151031   switch (dialect) {
[custom_lint] 2026-03-18T23:14:26.151031           ^
[custom_lint] 2026-03-18T23:14:26.151031
[custom_lint] 2026-03-18T23:14:26.151031
Failed to start pluginsThe request analysis.setContextRoots failed with the following error:
RequestErrorCode.PLUGIN_ERROR
Bad state: Failed to start the plugins.
at:
#0      SocketCustomLintServerToClientChannel._checkInitializationFail.<anonymous closure> (package:custom_lint/src/v2/server_to_client_channel.dart:223)
<asynchronous suspension>
#1      Future.any.onValue (dart:async/future.dart:637)
<asynchronous suspension>

[custom_lint] 2026-03-18T23:14:27.948841 /Users/kartik/.pub-cache/hosted/pub.dev/knex_dart_lint-0.1.0/lib/src/rule_utils.dart:9:11: Error: The type 'KnexDialect' is not exhaustively matched by the switch cases since it doesn't match 'KnexDialect.mariadb'.
[custom_lint] 2026-03-18T23:14:27.948841  - 'KnexDialect' is from 'package:knex_dart_capabilities/src/capabilities.dart' ('/Users/kartik/StudioProjects/knex/knex-dart/packages/knex_dart_capabilities/lib/src/capabilities.dart').
[custom_lint] 2026-03-18T23:14:27.948841 Try adding a default case or cases that match 'KnexDialect.mariadb'.
[custom_lint] 2026-03-18T23:14:27.948841   switch (dialect) {
[custom_lint] 2026-03-18T23:14:27.948841           ^
[custom_lint] 2026-03-18T23:14:27.948841
[custom_lint] 2026-03-18T23:14:27.948841
Failed to start pluginsThe request analysis.setContextRoots failed with the following error:
RequestErrorCode.PLUGIN_ERROR
Bad state: Failed to start the plugins.
at:
#0      SocketCustomLintServerToClientChannel._checkInitializationFail.<anonymous closure> (package:custom_lint/src/v2/server_to_client_channel.dart:223)
<asynchronous suspension>
#1      Future.any.onValue (dart:async/future.dart:637)
<asynchronous suspension>

[custom_lint] 2026-03-18T23:15:17.784594 /Users/kartik/.pub-cache/hosted/pub.dev/knex_dart_lint-0.1.0/lib/src/rule_utils.dart:9:11: Error: The type 'KnexDialect' is not exhaustively matched by the switch cases since it doesn't match 'KnexDialect.mariadb'.
[custom_lint] 2026-03-18T23:15:17.784594  - 'KnexDialect' is from 'package:knex_dart_capabilities/src/capabilities.dart' ('/Users/kartik/StudioProjects/knex/knex-dart/packages/knex_dart_capabilities/lib/src/capabilities.dart').
[custom_lint] 2026-03-18T23:15:17.784594 Try adding a default case or cases that match 'KnexDialect.mariadb'.
[custom_lint] 2026-03-18T23:15:17.784594   switch (dialect) {
[custom_lint] 2026-03-18T23:15:17.784594           ^
[custom_lint] 2026-03-18T23:15:17.784594
[custom_lint] 2026-03-18T23:15:17.784594
Failed to start pluginsThe request analysis.setContextRoots failed with the following error:
RequestErrorCode.PLUGIN_ERROR
Bad state: Failed to start the plugins.
at:
#0      SocketCustomLintServerToClientChannel._checkInitializationFail.<anonymous closure> (package:custom_lint/src/v2/server_to_client_channel.dart:223)
<asynchronous suspension>
#1      Future.any.onValue (dart:async/future.dart:637)
<asynchronous suspension>

[custom_lint] 2026-03-18T23:20:37.403165 /Users/kartik/.pub-cache/hosted/pub.dev/knex_dart_lint-0.1.0/lib/src/rule_utils.dart:9:11: Error: The type 'KnexDialect' is not exhaustively matched by the switch cases since it doesn't match 'KnexDialect.mariadb'.
[custom_lint] 2026-03-18T23:20:37.403165  - 'KnexDialect' is from 'package:knex_dart_capabilities/src/capabilities.dart' ('/Users/kartik/StudioProjects/knex/knex-dart/packages/knex_dart_capabilities/lib/src/capabilities.dart').
[custom_lint] 2026-03-18T23:20:37.403165 Try adding a default case or cases that match 'KnexDialect.mariadb'.
[custom_lint] 2026-03-18T23:20:37.403165   switch (dialect) {
[custom_lint] 2026-03-18T23:20:37.403165           ^
[custom_lint] 2026-03-18T23:20:37.403165
[custom_lint] 2026-03-18T23:20:37.403165
Failed to start pluginsThe request analysis.setContextRoots failed with the following error:
RequestErrorCode.PLUGIN_ERROR
Bad state: Failed to start the plugins.
at:
#0      SocketCustomLintServerToClientChannel._checkInitializationFail.<anonymous closure> (package:custom_lint/src/v2/server_to_client_channel.dart:223)
<asynchronous suspension>
#1      Future.any.onValue (dart:async/future.dart:637)
<asynchronous suspension>

[custom_lint] 2026-03-18T23:20:45.584995 /Users/kartik/.pub-cache/hosted/pub.dev/knex_dart_lint-0.1.0/lib/src/rule_utils.dart:9:11: Error: The type 'KnexDialect' is not exhaustively matched by the switch cases since it doesn't match 'KnexDialect.mariadb'.
[custom_lint] 2026-03-18T23:20:45.584995  - 'KnexDialect' is from 'package:knex_dart_capabilities/src/capabilities.dart' ('/Users/kartik/StudioProjects/knex/knex-dart/packages/knex_dart_capabilities/lib/src/capabilities.dart').
[custom_lint] 2026-03-18T23:20:45.584995 Try adding a default case or cases that match 'KnexDialect.mariadb'.
[custom_lint] 2026-03-18T23:20:45.584995   switch (dialect) {
[custom_lint] 2026-03-18T23:20:45.584995           ^
[custom_lint] 2026-03-18T23:20:45.584995
[custom_lint] 2026-03-18T23:20:45.584995
Failed to start pluginsThe request analysis.setContextRoots failed with the following error:
RequestErrorCode.PLUGIN_ERROR
Bad state: Failed to start the plugins.
at:
#0      SocketCustomLintServerToClientChannel._checkInitializationFail.<anonymous closure> (package:custom_lint/src/v2/server_to_client_channel.dart:223)
<asynchronous suspension>
#1      Future.any.onValue (dart:async/future.dart:637)
<asynchronous suspension>

[custom_lint] 2026-03-18T23:25:43.099139 /Users/kartik/.pub-cache/hosted/pub.dev/knex_dart_lint-0.1.0/lib/src/rule_utils.dart:9:11: Error: The type 'KnexDialect' is not exhaustively matched by the switch cases since it doesn't match 'KnexDialect.mariadb'.
[custom_lint] 2026-03-18T23:25:43.099139  - 'KnexDialect' is from 'package:knex_dart_capabilities/src/capabilities.dart' ('/Users/kartik/StudioProjects/knex/knex-dart/packages/knex_dart_capabilities/lib/src/capabilities.dart').
[custom_lint] 2026-03-18T23:25:43.099139 Try adding a default case or cases that match 'KnexDialect.mariadb'.
[custom_lint] 2026-03-18T23:25:43.099139   switch (dialect) {
[custom_lint] 2026-03-18T23:25:43.099139           ^
[custom_lint] 2026-03-18T23:25:43.099139
[custom_lint] 2026-03-18T23:25:43.099139
Failed to start pluginsThe request analysis.setContextRoots failed with the following error:
RequestErrorCode.PLUGIN_ERROR
Bad state: Failed to start the plugins.
at:
#0      SocketCustomLintServerToClientChannel._checkInitializationFail.<anonymous closure> (package:custom_lint/src/v2/server_to_client_channel.dart:223)
<asynchronous suspension>
#1      Future.any.onValue (dart:async/future.dart:637)
<asynchronous suspension>

[custom_lint] 2026-03-18T23:53:53.717746 /Users/kartik/.pub-cache/hosted/pub.dev/knex_dart_lint-0.1.0/lib/src/rule_utils.dart:9:11: Error: The type 'KnexDialect' is not exhaustively matched by the switch cases since it doesn't match 'KnexDialect.mariadb'.
[custom_lint] 2026-03-18T23:53:53.717746  - 'KnexDialect' is from 'package:knex_dart_capabilities/src/capabilities.dart' ('/Users/kartik/StudioProjects/knex/knex-dart/packages/knex_dart_capabilities/lib/src/capabilities.dart').
[custom_lint] 2026-03-18T23:53:53.717746 Try adding a default case or cases that match 'KnexDialect.mariadb'.
[custom_lint] 2026-03-18T23:53:53.717746   switch (dialect) {
[custom_lint] 2026-03-18T23:53:53.717746           ^
[custom_lint] 2026-03-18T23:53:53.717746
[custom_lint] 2026-03-18T23:53:53.717746
Failed to start pluginsThe request analysis.setContextRoots failed with the following error:
RequestErrorCode.PLUGIN_ERROR
Bad state: Failed to start the plugins.
at:
#0      SocketCustomLintServerToClientChannel._checkInitializationFail.<anonymous closure> (package:custom_lint/src/v2/server_to_client_channel.dart:223)
<asynchronous suspension>
#1      Future.any.onValue (dart:async/future.dart:637)
<asynchronous suspension>

[custom_lint] 2026-03-19T23:43:00.490330 /Users/kartik/.pub-cache/hosted/pub.dev/knex_dart_lint-0.1.0/lib/src/rule_utils.dart:9:11: Error: The type 'KnexDialect' is not exhaustively matched by the switch cases since it doesn't match 'KnexDialect.mariadb'.
[custom_lint] 2026-03-19T23:43:00.490330  - 'KnexDialect' is from 'package:knex_dart_capabilities/src/capabilities.dart' ('/Users/kartik/StudioProjects/knex/knex-dart/packages/knex_dart_capabilities/lib/src/capabilities.dart').
[custom_lint] 2026-03-19T23:43:00.490330 Try adding a default case or cases that match 'KnexDialect.mariadb'.
[custom_lint] 2026-03-19T23:43:00.490330   switch (dialect) {
[custom_lint] 2026-03-19T23:43:00.490330           ^
[custom_lint] 2026-03-19T23:43:00.490330
[custom_lint] 2026-03-19T23:43:00.490330
Failed to start pluginsThe request analysis.setContextRoots failed with the following error:
RequestErrorCode.PLUGIN_ERROR
Bad state: Failed to start the plugins.
at:
#0      SocketCustomLintServerToClientChannel._checkInitializationFail.<anonymous closure> (package:custom_lint/src/v2/server_to_client_channel.dart:223)
<asynchronous suspension>
#1      Future.any.onValue (dart:async/future.dart:637)
<asynchronous suspension>

[custom_lint] 2026-03-22T00:20:03.464075 /Users/kartik/.pub-cache/hosted/pub.dev/knex_dart_lint-0.1.0/lib/src/rule_utils.dart:9:11: Error: The type 'KnexDialect' is not exhaustively matched by the switch cases since it doesn't match 'KnexDialect.mariadb'.
[custom_lint] 2026-03-22T00:20:03.464075  - 'KnexDialect' is from 'package:knex_dart_capabilities/src/capabilities.dart' ('/Users/kartik/StudioProjects/knex/knex-dart/packages/knex_dart_capabilities/lib/src/capabilities.dart').
[custom_lint] 2026-03-22T00:20:03.464075 Try adding a default case or cases that match 'KnexDialect.mariadb'.
[custom_lint] 2026-03-22T00:20:03.464075   switch (dialect) {
[custom_lint] 2026-03-22T00:20:03.464075           ^
[custom_lint] 2026-03-22T00:20:03.464075
[custom_lint] 2026-03-22T00:20:03.464075
Failed to start pluginsThe request analysis.setContextRoots failed with the following error:
RequestErrorCode.PLUGIN_ERROR
Bad state: Failed to start the plugins.
at:
#0      SocketCustomLintServerToClientChannel._checkInitializationFail.<anonymous closure> (package:custom_lint/src/v2/server_to_client_channel.dart:223)
<asynchronous suspension>
#1      Future.any.onValue (dart:async/future.dart:637)
<asynchronous suspension>

[custom_lint] 2026-03-22T01:21:14.234062 /Users/kartik/.pub-cache/hosted/pub.dev/knex_dart_lint-0.1.0/lib/src/rule_utils.dart:9:11: Error: The type 'KnexDialect' is not exhaustively matched by the switch cases since it doesn't match 'KnexDialect.mariadb'.
[custom_lint] 2026-03-22T01:21:14.234062  - 'KnexDialect' is from 'package:knex_dart_capabilities/src/capabilities.dart' ('/Users/kartik/StudioProjects/knex/knex-dart/packages/knex_dart_capabilities/lib/src/capabilities.dart').
[custom_lint] 2026-03-22T01:21:14.234062 Try adding a default case or cases that match 'KnexDialect.mariadb'.
[custom_lint] 2026-03-22T01:21:14.234062   switch (dialect) {
[custom_lint] 2026-03-22T01:21:14.234062           ^
[custom_lint] 2026-03-22T01:21:14.234062
[custom_lint] 2026-03-22T01:21:14.234062
Failed to start pluginsThe request analysis.setContextRoots failed with the following error:
RequestErrorCode.PLUGIN_ERROR
Bad state: Failed to start the plugins.
at:
#0      SocketCustomLintServerToClientChannel._checkInitializationFail.<anonymous closure> (package:custom_lint/src/v2/server_to_client_channel.dart:223)
<asynchronous suspension>
#1      Future.any.onValue (dart:async/future.dart:637)
<asynchronous suspension>

[custom_lint] 2026-03-22T01:21:14.620981 /Users/kartik/.pub-cache/hosted/pub.dev/knex_dart_lint-0.1.0/lib/src/rule_utils.dart:9:11: Error: The type 'KnexDialect' is not exhaustively matched by the switch cases since it doesn't match 'KnexDialect.mariadb'.
[custom_lint] 2026-03-22T01:21:14.620981  - 'KnexDialect' is from 'package:knex_dart_capabilities/src/capabilities.dart' ('/Users/kartik/StudioProjects/knex/knex-dart/packages/knex_dart_capabilities/lib/src/capabilities.dart').
[custom_lint] 2026-03-22T01:21:14.620981 Try adding a default case or cases that match 'KnexDialect.mariadb'.
[custom_lint] 2026-03-22T01:21:14.620981   switch (dialect) {
[custom_lint] 2026-03-22T01:21:14.620981           ^
[custom_lint] 2026-03-22T01:21:14.620981
[custom_lint] 2026-03-22T01:21:14.620981
Failed to start pluginsThe request analysis.setContextRoots failed with the following error:
RequestErrorCode.PLUGIN_ERROR
Bad state: Failed to start the plugins.
at:
#0      SocketCustomLintServerToClientChannel._checkInitializationFail.<anonymous closure> (package:custom_lint/src/v2/server_to_client_channel.dart:223)
<asynchronous suspension>
#1      Future.any.onValue (dart:async/future.dart:637)
<asynchronous suspension>

[custom_lint] 2026-03-22T01:23:35.572919 /Users/kartik/.pub-cache/hosted/pub.dev/knex_dart_lint-0.1.0/lib/src/rule_utils.dart:9:11: Error: The type 'KnexDialect' is not exhaustively matched by the switch cases since it doesn't match 'KnexDialect.mariadb'.
[custom_lint] 2026-03-22T01:23:35.572919  - 'KnexDialect' is from 'package:knex_dart_capabilities/src/capabilities.dart' ('/Users/kartik/StudioProjects/knex/knex-dart/packages/knex_dart_capabilities/lib/src/capabilities.dart').
[custom_lint] 2026-03-22T01:23:35.572919 Try adding a default case or cases that match 'KnexDialect.mariadb'.
[custom_lint] 2026-03-22T01:23:35.572919   switch (dialect) {
[custom_lint] 2026-03-22T01:23:35.572919           ^
[custom_lint] 2026-03-22T01:23:35.572919
[custom_lint] 2026-03-22T01:23:35.572919
Failed to start pluginsThe request analysis.setContextRoots failed with the following error:
RequestErrorCode.PLUGIN_ERROR
Bad state: Failed to start the plugins.
at:
#0      SocketCustomLintServerToClientChannel._checkInitializationFail.<anonymous closure> (package:custom_lint/src/v2/server_to_client_channel.dart:223)
<asynchronous suspension>
#1      Future.any.onValue (dart:async/future.dart:637)
<asynchronous suspension>

[custom_lint] 2026-03-22T01:45:40.082536 /Users/kartik/.pub-cache/hosted/pub.dev/knex_dart_lint-0.1.0/lib/src/rule_utils.dart:9:11: Error: The type 'KnexDialect' is not exhaustively matched by the switch cases since it doesn't match 'KnexDialect.mariadb'.
[custom_lint] 2026-03-22T01:45:40.082536  - 'KnexDialect' is from 'package:knex_dart_capabilities/src/capabilities.dart' ('/Users/kartik/StudioProjects/knex/knex-dart/packages/knex_dart_capabilities/lib/src/capabilities.dart').
[custom_lint] 2026-03-22T01:45:40.082536 Try adding a default case or cases that match 'KnexDialect.mariadb'.
[custom_lint] 2026-03-22T01:45:40.082536   switch (dialect) {
[custom_lint] 2026-03-22T01:45:40.082536           ^
[custom_lint] 2026-03-22T01:45:40.082536
[custom_lint] 2026-03-22T01:45:40.082536
Failed to start pluginsThe request analysis.setContextRoots failed with the following error:
RequestErrorCode.PLUGIN_ERROR
Bad state: Failed to start the plugins.
at:
#0      SocketCustomLintServerToClientChannel._checkInitializationFail.<anonymous closure> (package:custom_lint/src/v2/server_to_client_channel.dart:223)
<asynchronous suspension>
#1      Future.any.onValue (dart:async/future.dart:637)
<asynchronous suspension>

[custom_lint] 2026-03-22T01:47:56.028955 /Users/kartik/.pub-cache/hosted/pub.dev/knex_dart_lint-0.1.0/lib/src/rule_utils.dart:9:11: Error: The type 'KnexDialect' is not exhaustively matched by the switch cases since it doesn't match 'KnexDialect.mariadb'.
[custom_lint] 2026-03-22T01:47:56.028955  - 'KnexDialect' is from 'package:knex_dart_capabilities/src/capabilities.dart' ('/Users/kartik/StudioProjects/knex/knex-dart/packages/knex_dart_capabilities/lib/src/capabilities.dart').
[custom_lint] 2026-03-22T01:47:56.028955 Try adding a default case or cases that match 'KnexDialect.mariadb'.
[custom_lint] 2026-03-22T01:47:56.028955   switch (dialect) {
[custom_lint] 2026-03-22T01:47:56.028955           ^
[custom_lint] 2026-03-22T01:47:56.028955
[custom_lint] 2026-03-22T01:47:56.028955
Failed to start pluginsThe request analysis.setContextRoots failed with the following error:
RequestErrorCode.PLUGIN_ERROR
Bad state: Failed to start the plugins.
at:
#0      SocketCustomLintServerToClientChannel._checkInitializationFail.<anonymous closure> (package:custom_lint/src/v2/server_to_client_channel.dart:223)
<asynchronous suspension>
#1      Future.any.onValue (dart:async/future.dart:637)
<asynchronous suspension>

[custom_lint] 2026-03-22T02:42:56.932316 /Users/kartik/.pub-cache/hosted/pub.dev/knex_dart_lint-0.1.0/lib/src/rule_utils.dart:9:11: Error: The type 'KnexDialect' is not exhaustively matched by the switch cases since it doesn't match 'KnexDialect.mariadb'.
[custom_lint] 2026-03-22T02:42:56.932316  - 'KnexDialect' is from 'package:knex_dart_capabilities/src/capabilities.dart' ('/Users/kartik/StudioProjects/knex/knex-dart/packages/knex_dart_capabilities/lib/src/capabilities.dart').
[custom_lint] 2026-03-22T02:42:56.932316 Try adding a default case or cases that match 'KnexDialect.mariadb'.
[custom_lint] 2026-03-22T02:42:56.932316   switch (dialect) {
[custom_lint] 2026-03-22T02:42:56.932316           ^
[custom_lint] 2026-03-22T02:42:56.932316
[custom_lint] 2026-03-22T02:42:56.932316
Failed to start pluginsThe request analysis.setContextRoots failed with the following error:
RequestErrorCode.PLUGIN_ERROR
Bad state: Failed to start the plugins.
at:
#0      SocketCustomLintServerToClientChannel._checkInitializationFail.<anonymous closure> (package:custom_lint/src/v2/server_to_client_channel.dart:223)
<asynchronous suspension>
#1      Future.any.onValue (dart:async/future.dart:637)
<asynchronous suspension>

[custom_lint] 2026-03-23T12:09:55.598714 /Users/kartik/.pub-cache/hosted/pub.dev/knex_dart_lint-0.1.0/lib/src/rule_utils.dart:9:11: Error: The type 'KnexDialect' is not exhaustively matched by the switch cases since it doesn't match 'KnexDialect.mariadb'.
[custom_lint] 2026-03-23T12:09:55.598714  - 'KnexDialect' is from 'package:knex_dart_capabilities/src/capabilities.dart' ('/Users/kartik/StudioProjects/knex/knex-dart/packages/knex_dart_capabilities/lib/src/capabilities.dart').
[custom_lint] 2026-03-23T12:09:55.598714 Try adding a default case or cases that match 'KnexDialect.mariadb'.
[custom_lint] 2026-03-23T12:09:55.598714   switch (dialect) {
[custom_lint] 2026-03-23T12:09:55.598714           ^
[custom_lint] 2026-03-23T12:09:55.598714
[custom_lint] 2026-03-23T12:09:55.598714
Failed to start pluginsThe request analysis.setContextRoots failed with the following error:
RequestErrorCode.PLUGIN_ERROR
Bad state: Failed to start the plugins.
at:
#0      SocketCustomLintServerToClientChannel._checkInitializationFail.<anonymous closure> (package:custom_lint/src/v2/server_to_client_channel.dart:223)
<asynchronous suspension>
#1      Future.any.onValue (dart:async/future.dart:637)
<asynchronous suspension>

[custom_lint] 2026-03-26T14:39:03.701503 /Users/kartik/.pub-cache/hosted/pub.dev/knex_dart_lint-0.1.0/lib/src/rule_utils.dart:9:11: Error: The type 'KnexDialect' is not exhaustively matched by the switch cases since it doesn't match 'KnexDialect.mariadb'.
[custom_lint] 2026-03-26T14:39:03.701503  - 'KnexDialect' is from 'package:knex_dart_capabilities/src/capabilities.dart' ('/Users/kartik/StudioProjects/knex/knex-dart/packages/knex_dart_capabilities/lib/src/capabilities.dart').
[custom_lint] 2026-03-26T14:39:03.701503 Try adding a default case or cases that match 'KnexDialect.mariadb'.
[custom_lint] 2026-03-26T14:39:03.701503   switch (dialect) {
[custom_lint] 2026-03-26T14:39:03.701503           ^
[custom_lint] 2026-03-26T14:39:03.701503
[custom_lint] 2026-03-26T14:39:03.701503
Failed to start pluginsThe request analysis.setContextRoots failed with the following error:
RequestErrorCode.PLUGIN_ERROR
Bad state: Failed to start the plugins.
at:
#0      SocketCustomLintServerToClientChannel._checkInitializationFail.<anonymous closure> (package:custom_lint/src/v2/server_to_client_channel.dart:223)
<asynchronous suspension>
#1      Future.any.onValue (dart:async/future.dart:637)
<asynchronous suspension>

[custom_lint] 2026-03-27T23:11:25.099351 /Users/kartik/.pub-cache/hosted/pub.dev/knex_dart_lint-0.1.0/lib/src/rule_utils.dart:9:11: Error: The type 'KnexDialect' is not exhaustively matched by the switch cases since it doesn't match 'KnexDialect.mariadb'.
[custom_lint] 2026-03-27T23:11:25.099351  - 'KnexDialect' is from 'package:knex_dart_capabilities/src/capabilities.dart' ('/Users/kartik/StudioProjects/knex/knex-dart/packages/knex_dart_capabilities/lib/src/capabilities.dart').
[custom_lint] 2026-03-27T23:11:25.099351 Try adding a default case or cases that match 'KnexDialect.mariadb'.
[custom_lint] 2026-03-27T23:11:25.099351   switch (dialect) {
[custom_lint] 2026-03-27T23:11:25.099351           ^
[custom_lint] 2026-03-27T23:11:25.099351
[custom_lint] 2026-03-27T23:11:25.099351
Failed to start pluginsThe request analysis.setContextRoots failed with the following error:
RequestErrorCode.PLUGIN_ERROR
Bad state: Failed to start the plugins.
at:
#0      SocketCustomLintServerToClientChannel._checkInitializationFail.<anonymous closure> (package:custom_lint/src/v2/server_to_client_channel.dart:223)
<asynchronous suspension>
#1      Future.any.onValue (dart:async/future.dart:637)
<asynchronous suspension>

[custom_lint] 2026-03-28T17:24:06.880057 /Users/kartik/.pub-cache/hosted/pub.dev/knex_dart_lint-0.1.0/lib/src/rule_utils.dart:9:11: Error: The type 'KnexDialect' is not exhaustively matched by the switch cases since it doesn't match 'KnexDialect.mariadb'.
[custom_lint] 2026-03-28T17:24:06.880057  - 'KnexDialect' is from 'package:knex_dart_capabilities/src/capabilities.dart' ('/Users/kartik/StudioProjects/knex/knex-dart/packages/knex_dart_capabilities/lib/src/capabilities.dart').
[custom_lint] 2026-03-28T17:24:06.880057 Try adding a default case or cases that match 'KnexDialect.mariadb'.
[custom_lint] 2026-03-28T17:24:06.880057   switch (dialect) {
[custom_lint] 2026-03-28T17:24:06.880057           ^
[custom_lint] 2026-03-28T17:24:06.880057
[custom_lint] 2026-03-28T17:24:06.880057
Failed to start pluginsThe request analysis.setContextRoots failed with the following error:
RequestErrorCode.PLUGIN_ERROR
Bad state: Failed to start the plugins.
at:
#0      SocketCustomLintServerToClientChannel._checkInitializationFail.<anonymous closure> (package:custom_lint/src/v2/server_to_client_channel.dart:223)
<asynchronous suspension>
#1      Future.any.onValue (dart:async/future.dart:637)
<asynchronous suspension>

[custom_lint] 2026-03-29T06:47:26.619855 /Users/kartik/.pub-cache/hosted/pub.dev/knex_dart_lint-0.1.0/lib/src/rule_utils.dart:9:11: Error: The type 'KnexDialect' is not exhaustively matched by the switch cases since it doesn't match 'KnexDialect.mariadb'.
[custom_lint] 2026-03-29T06:47:26.619855  - 'KnexDialect' is from 'package:knex_dart_capabilities/src/capabilities.dart' ('/Users/kartik/StudioProjects/knex/knex-dart/packages/knex_dart_capabilities/lib/src/capabilities.dart').
[custom_lint] 2026-03-29T06:47:26.619855 Try adding a default case or cases that match 'KnexDialect.mariadb'.
[custom_lint] 2026-03-29T06:47:26.619855   switch (dialect) {
[custom_lint] 2026-03-29T06:47:26.619855           ^
[custom_lint] 2026-03-29T06:47:26.619855
[custom_lint] 2026-03-29T06:47:26.619855
Failed to start pluginsThe request analysis.setContextRoots failed with the following error:
RequestErrorCode.PLUGIN_ERROR
Bad state: Failed to start the plugins.
at:
#0      SocketCustomLintServerToClientChannel._checkInitializationFail.<anonymous closure> (package:custom_lint/src/v2/server_to_client_channel.dart:223)
<asynchronous suspension>
#1      Future.any.onValue (dart:async/future.dart:637)
<asynchronous suspension>

[custom_lint] 2026-03-29T08:57:25.890921 /Users/kartik/.pub-cache/hosted/pub.dev/knex_dart_lint-0.1.0/lib/src/rule_utils.dart:9:11: Error: The type 'KnexDialect' is not exhaustively matched by the switch cases since it doesn't match 'KnexDialect.mariadb'.
[custom_lint] 2026-03-29T08:57:25.890921  - 'KnexDialect' is from 'package:knex_dart_capabilities/src/capabilities.dart' ('/Users/kartik/StudioProjects/knex/knex-dart/packages/knex_dart_capabilities/lib/src/capabilities.dart').
[custom_lint] 2026-03-29T08:57:25.890921 Try adding a default case or cases that match 'KnexDialect.mariadb'.
[custom_lint] 2026-03-29T08:57:25.890921   switch (dialect) {
[custom_lint] 2026-03-29T08:57:25.890921           ^
[custom_lint] 2026-03-29T08:57:25.890921
[custom_lint] 2026-03-29T08:57:25.890921
Failed to start pluginsThe request analysis.setContextRoots failed with the following error:
RequestErrorCode.PLUGIN_ERROR
Bad state: Failed to start the plugins.
at:
#0      SocketCustomLintServerToClientChannel._checkInitializationFail.<anonymous closure> (package:custom_lint/src/v2/server_to_client_channel.dart:223)
<asynchronous suspension>
#1      Future.any.onValue (dart:async/future.dart:637)
<asynchronous suspension>

